#
# A fatal error has been detected by the Java Runtime Environment:
#
#  EXCEPTION_ACCESS_VIOLATION (0xc0000005) at pc=0x00000194186d0f84, pid=6060, tid=1912
#
# JRE version: OpenJDK Runtime Environment Temurin-21.0.5+11 (21.0.5+11) (build 21.0.5+11-LTS)
# Java VM: OpenJDK 64-Bit Server VM Temurin-21.0.5+11 (21.0.5+11-LTS, mixed mode, emulated-client, sharing, tiered, compressed oops, compressed class ptrs, g1 gc, windows-amd64)
# Problematic frame:
# v  ~BufferBlob::MethodHandles adapters 0x00000194186d0f84
#
# No core dump will be written. Minidumps are not enabled by default on client versions of Windows
#
# If you would like to submit a bug report, please visit:
#   https://github.com/adoptium/adoptium-support/issues
#

---------------  S U M M A R Y ------------

Command Line: -XX:+ShowCodeDetailsInExceptionMessages -agentlib:jdwp=transport=dt_socket,suspend=y,address=localhost:54867 -Dcom.sun.management.jmxremote -Dcom.sun.management.jmxremote.port=54866 -Dcom.sun.management.jmxremote.authenticate=false -Dcom.sun.management.jmxremote.ssl=false -Djava.rmi.server.hostname=localhost -Dspring.jmx.enabled=true -Dmanagement.endpoints.jmx.exposure.include=* -Dspring.application.admin.enabled=true -XX:TieredStopAtLevel=1 -Dspring.boot.project.name=Manage-Mosaic -javaagent:C:\sts-4.27.0.RELEASE\configuration\org.eclipse.osgi\275\0\.cp\lib\javaagent-shaded.jar -Dfile.encoding=UTF-8 -Dstdout.encoding=UTF-8 -Dstderr.encoding=UTF-8 com.project.manage.ManageMosaicApplication --spring.output.ansi.enabled=always

Host: Intel(R) Core(TM) i3-8130U CPU @ 2.20GHz, 4 cores, 3G,  Windows 10 , 64 bit Build 19041 (10.0.19041.5198)
Time: Sat Dec 21 21:50:42 2024 India Standard Time elapsed time: 47.979532 seconds (0d 0h 0m 47s)

---------------  T H R E A D  ---------------

Current thread (0x0000019465110eb0):  JavaThread "http-nio-8028-exec-3" daemon [_thread_in_Java, id=1912, stack(0x0000002906d00000,0x0000002906e00000) (1024K)]

Stack: [0x0000002906d00000,0x0000002906e00000],  sp=0x0000002906dfbcb8,  free space=1007k
Native frames: (J=compiled Java code, j=interpreted, Vv=VM code, C=native code)
C  0x00000194186d0f84

The last pc belongs to _linkToVirtual (printed below).

siginfo: EXCEPTION_ACCESS_VIOLATION (0xc0000005), reading address 0x000003617087ffea


Registers:
RAX=0x00000194186a958b, RBX=0x00000000c3485d78, RCX=0x0000002906dfbcc0, RDX=0x0000000000000002
RSP=0x0000002906dfbcb8, RBP=0x0000002906dfbd08, RSI=0x000001946524a788, RDI=0x000001946700b730
R8 =0x0000000000000004, R9 =0x0000000000000004, R10=0x000001943e7295a2, R11=0x00000039a642ad11
R12=0x0000000000000000, R13=0x0000002906dfbcb8, R14=0x0000002906dfbd28, R15=0x0000019465110eb0
RIP=0x00000194186d0f84, EFLAGS=0x0000000000010202


Register to memory mapping:

RAX=0x00000194186a958b is at code_begin+4363 in an Interpreter codelet
return entry points  [0x00000194186a8480, 0x00000194186aa298]  7704 bytes
RBX=0x00000000c3485d78 is an oop: com.project.manage.Controller.CompliantController 
{0x00000000c3485d78} - klass: 'com/project/manage/Controller/CompliantController'
 - ---- fields (total size 2 words):
 - private 'compliantserv' 'Lcom/project/manage/Service/CompliantService;' @12  a 'com/project/manage/ServiceImpl/CompliantServiceImpl'{0x00000000c3485d88} (0xc3485d88)
RCX=0x0000002906dfbcc0 is pointing into the stack for thread: 0x0000019465110eb0
RDX=0x0000000000000002 is an unknown value
RSP=0x0000002906dfbcb8 is pointing into the stack for thread: 0x0000019465110eb0
RBP=0x0000002906dfbd08 is pointing into the stack for thread: 0x0000019465110eb0
RSI=0x000001946524a788 points into unknown readable memory: 0x8800200b2e2c475d | 5d 47 2c 2e 0b 20 00 88
RDI=0x000001946700b730 points into unknown readable memory: 0x0000001800000060 | 60 00 00 00 18 00 00 00
R8 =0x0000000000000004 is an unknown value
R9 =0x0000000000000004 is an unknown value
R10=0x000001943e7295a2 is an unknown value
R11=0x00000039a642ad11 is an unknown value
R12=0x0 is null
R13=0x0000002906dfbcb8 is pointing into the stack for thread: 0x0000019465110eb0
R14=0x0000002906dfbd28 is pointing into the stack for thread: 0x0000019465110eb0
R15=0x0000019465110eb0 is a thread

Top of Stack: (sp=0x0000002906dfbcb8)
0x0000002906dfbcb8:   00000194186a958b 0000002906dfbcc0
0x0000002906dfbcc8:   000001941f7295a2 0000000000000004
0x0000002906dfbcd8:   000001941f0b0fd8 00000000c1d4e370
0x0000002906dfbce8:   00000000c1dab868 000001941f0b3b28
0x0000002906dfbcf8:   0000002906dfbcb8 0000002906dfbd30
0x0000002906dfbd08:   0000002906dfc030 0000019418d69aa8
0x0000002906dfbd18:   00000000c49d4140 00000000c3485d78
0x0000002906dfbd28:   00000000c49d42d0 0000002906dfc680
0x0000002906dfbd38:   0000002906dfc684 00000000c29bb9b8
0x0000002906dfbd48:   00000000c49d44a0 00000000c3485d78
0x0000002906dfbd58:   00000000c49d4450 00000000c49d42d0
0x0000002906dfbd68:   00000000c3485d78 0000019418d699e4
0x0000002906dfbd78:   0000000060163758 0000002906dfc030
0x0000002906dfbd88:   0000019418e2b45a 00000000c29bb9b8
0x0000002906dfbd98:   00000000c49d44c8 00000000c49d44a0
0x0000002906dfbda8:   0000000000000001 00000000c29bb9b8
0x0000002906dfbdb8:   00000000c3b53b60 00000000c3483918
0x0000002906dfbdc8:   00007fffe4657468 0000002906dfc030
0x0000002906dfbdd8:   00000194189c1654 0000000000000000
0x0000002906dfbde8:   0000000000000000 0000002906dfc030
0x0000002906dfbdf8:   000001941911f3ec 0000000000000000
0x0000002906dfbe08:   0000000000000000 0000000000000000
0x0000002906dfbe18:   0000000000000000 0000000000000000
0x0000002906dfbe28:   0000000000000000 0000000000000000
0x0000002906dfbe38:   0000000000000000 00000000c49d44c8
0x0000002906dfbe48:   00000000c5055c58 00000000c3485d78
0x0000002906dfbe58:   00000000c1d3ee10 00000000c3483d28
0x0000002906dfbe68:   00000000c3483918 0000000000000000
0x0000002906dfbe78:   00000000c49d44c8 0000002906dfc030
0x0000002906dfbe88:   000001941911f9f5 00000000c3483d28
0x0000002906dfbe98:   0000000000000000 00000000c49d44a0
0x0000002906dfbea8:   00000194189bf9dc 0000000000000000 

Instructions: (pc=0x00000194186d0f84)
0x00000194186d0e84:   00 00 00 00 01 00 00 00 00 00 00 00 58 76 eb e4
0x00000194186d0e94:   ff 7f 00 00 00 0f 6d 18 94 01 00 00 80 1f 6d 18
0x00000194186d0ea4:   94 01 00 00 00 0f 6d 18 94 01 00 00 80 1f 6d 18
0x00000194186d0eb4:   94 01 00 00 f0 0e 6d 18 94 01 00 00 f0 0e 6d 18
0x00000194186d0ec4:   94 01 00 00 00 00 00 00 00 00 00 00 f8 76 eb e4
0x00000194186d0ed4:   ff 7f 00 00 f0 10 00 00 60 00 00 00 ff ff ff ff
0x00000194186d0ee4:   f0 10 00 00 00 00 00 00 00 00 00 00 00 00 00 00
0x00000194186d0ef4:   00 00 00 00 00 00 00 00 00 00 00 00 f4 66 66 66
0x00000194186d0f04:   0f 1f 84 00 00 00 00 00 66 66 66 90 66 66 66 0f
0x00000194186d0f14:   1f 84 00 00 00 00 00 66 66 66 90 90 48 8b 53 08
0x00000194186d0f24:   0f b7 52 2e 48 8b 0c d4 8b 59 14 8b 5b 28 8b 5b
0x00000194186d0f34:   24 48 8b 5b 10 48 85 db 0f 84 10 00 00 00 41 80
0x00000194186d0f44:   bf d8 05 00 00 00 74 03 ff 63 38 ff 63 50 e9 a9
0x00000194186d0f54:   16 00 00 66 0f 1f 84 00 00 00 00 00 48 8b 53 08
0x00000194186d0f64:   0f b7 52 2e 48 8b 0c d4 58 5b 50 44 8b 51 08 49
0x00000194186d0f74:   bb 00 00 00 1f 94 01 00 00 4d 03 d3 4c 8b 5b 10
0x00000194186d0f84:   4b 8b 9c da c0 01 00 00 48 85 db 0f 84 10 00 00
0x00000194186d0f94:   00 41 80 bf d8 05 00 00 00 74 03 ff 63 38 ff 63
0x00000194186d0fa4:   50 e9 56 16 00 00 66 66 66 0f 1f 84 00 00 00 00
0x00000194186d0fb4:   00 66 66 66 90 0f 1f 80 00 00 00 00 58 5b 50 8b
0x00000194186d0fc4:   5b 24 48 8b 5b 10 48 85 db 0f 84 10 00 00 00 41
0x00000194186d0fd4:   80 bf d8 05 00 00 00 74 03 ff 63 38 ff 63 50 e9
0x00000194186d0fe4:   18 16 00 00 66 66 66 0f 1f 84 00 00 00 00 00 66
0x00000194186d0ff4:   66 66 90 66 0f 1f 84 00 00 00 00 00 48 8b 53 08
0x00000194186d1004:   0f b7 52 2e 48 8b 0c d4 58 5b 50 48 3b 01 8b 5b
0x00000194186d1014:   24 48 8b 5b 10 48 85 db 0f 84 10 00 00 00 41 80
0x00000194186d1024:   bf d8 05 00 00 00 74 03 ff 63 38 ff 63 50 e9 c9
0x00000194186d1034:   15 00 00 66 0f 1f 84 00 00 00 00 00 48 8b 53 08
0x00000194186d1044:   0f b7 52 2e 48 8b 0c d4 58 5b 50 44 8b 51 08 49
0x00000194186d1054:   bb 00 00 00 1f 94 01 00 00 4d 03 d3 8b 43 18 48
0x00000194186d1064:   8b 40 10 48 8b 5b 10 45 8b 9a a0 00 00 00 4f 8d
0x00000194186d1074:   9c da c0 01 00 00 4d 8d 14 da 49 8b 1b 48 3b c3 


Stack slot to memory mapping:

stack at sp + 0 slots: 0x00000194186a958b is at code_begin+4363 in an Interpreter codelet
return entry points  [0x00000194186a8480, 0x00000194186aa298]  7704 bytes
stack at sp + 1 slots: 0x0000002906dfbcc0 is pointing into the stack for thread: 0x0000019465110eb0
stack at sp + 2 slots: 0x000001941f7295a2 is pointing into metadata
stack at sp + 3 slots: 0x0000000000000004 is an unknown value
stack at sp + 4 slots: 0x000001941f0b0fd8 is pointing into metadata
stack at sp + 5 slots: 0x00000000c1d4e370 is an oop: jdk.internal.misc.Unsafe 
{0x00000000c1d4e370} - klass: 'jdk/internal/misc/Unsafe'
 - ---- fields (total size 2 words):
stack at sp + 6 slots: 0x00000000c1dab868 is an oop: java.lang.Class 
{0x00000000c1dab868} - klass: 'java/lang/Class'
 - ---- fields (total size 14 words):
 - private volatile transient 'classRedefinedCount' 'I' @12  0 (0x00000000)
 - injected 'klass' 'J' @16  1735687605168 (0x000001941f0b0bb0)
 - injected 'array_klass' 'J' @24  0 (0x0000000000000000)
 - injected 'oop_size' 'I' @32  14 (0x0000000e)
 - injected 'static_oop_field_count' 'I' @36  0 (0x00000000)
 - private volatile transient 'cachedConstructor' 'Ljava/lang/reflect/Constructor;' @40  null (0x00000000)
 - private transient 'name' 'Ljava/lang/String;' @44  null (0x00000000)
 - private transient 'module' 'Ljava/lang/Module;' @48  a 'java/lang/Module'{0x00000000c1d4e910} (0xc1d4e910)
 - private final 'classLoader' 'Ljava/lang/ClassLoader;' @52  null (0x00000000)
 - private transient 'classData' 'Ljava/lang/Object;' @56  null (0x00000000)
 - private transient 'packageName' 'Ljava/lang/String;' @60  null (0x00000000)
 - private final 'componentType' 'Ljava/lang/Class;' @64  null (0x00000000)
 - private volatile transient 'reflectionData' 'Ljava/lang/ref/SoftReference;' @68  null (0x00000000)
 - private volatile transient 'genericInfo' 'Lsun/reflect/generics/repository/ClassRepository;' @72  null (0x00000000)
 - private volatile transient 'enumConstants' '[Ljava/lang/Object;' @76  null (0x00000000)
 - private volatile transient 'enumConstantDirectory' 'Ljava/util/Map;' @80  null (0x00000000)
 - private volatile transient 'annotationData' 'Ljava/lang/Class$AnnotationData;' @84  null (0x00000000)
 - private volatile transient 'annotationType' 'Lsun/reflect/annotation/AnnotationType;' @88  null (0x00000000)
 - transient 'classValueMap' 'Ljava/lang/ClassValue$ClassValueMap;' @92  null (0x00000000)
 - injected 'protection_domain' 'Ljava/lang/Object;' @96  null (0x00000000)
 - injected 'signers_name' 'Ljava/lang/Object;' @100  null (0x00000000)
 - injected 'source_file' 'Ljava/lang/Object;' @104  null (0x00000000)
 - injected '<init_lock>' 'Ljava/lang/Object;' @108  null (0x00000000)
 - signature: Ljava/lang/invoke/DirectMethodHandle$Holder;
 - ---- static fields (0):
stack at sp + 7 slots: {method} {0x000001941f0b3b30} 'invokeVirtual' '(Ljava/lang/Object;Ljava/lang/Object;)Ljava/lang/Object;' in 'java/lang/invoke/DirectMethodHandle$Holder'

MethodHandle::interpreter_entry::_linkToVirtual [0x00000194186d0f57, 0x00000194186d0faa] (83 bytes)
[MachCode]
  0x00000194186d0f57: 660f 1f84 | 0000 0000 | 0048 8b53 | 080f b752 | 2e48 8b0c | d458 5b50 | 448b 5108 | 49bb 0000 
  0x00000194186d0f77: 001f 9401 | 0000 4d03 | d34c 8b5b | 104b 8b9c | dac0 0100 | 0048 85db | 0f84 1000 | 0000 4180 
  0x00000194186d0f97: bfd8 0500 | 0000 7403 | ff63 38ff | 6350 e956 | 
[/MachCode]

---------------  P R O C E S S  ---------------

Threads class SMR info:
_java_thread_list=0x0000019465655ef0, length=41, elements={
0x000001941ecae070, 0x000001941ecae990, 0x000001941ecb0000, 0x000001941ecb4a70,
0x000001941ecb50d0, 0x000001941ecb59b0, 0x000001941ecc0030, 0x000001941ec8bd90,
0x00000194640d83d0, 0x00000194640daa60, 0x00000194640db0e0, 0x0000019464a27070,
0x0000019464b748d0, 0x0000019464bbbd40, 0x0000019464beccb0, 0x0000019464c2bc20,
0x0000019464d6cd20, 0x0000019464c4ec50, 0x0000019464e56fc0, 0x0000019465177ad0,
0x0000019465178160, 0x0000019465176090, 0x0000019465176db0, 0x000001946510e0c0,
0x000001946510d3a0, 0x0000019465112f80, 0x000001946510bff0, 0x0000019465110820,
0x0000019465113610, 0x000001946510c680, 0x0000019465110eb0, 0x0000019465112260,
0x000001946510e750, 0x000001946510ede0, 0x000001946510f470, 0x000001946510cd10,
0x000001946510fb00, 0x0000019465110190, 0x00000194651128f0, 0x00000194651787f0,
0x0000019465179510
}

Java Threads: ( => current thread )
  0x000001941ecae070 JavaThread "Reference Handler"          daemon [_thread_blocked, id=3608, stack(0x0000002904700000,0x0000002904800000) (1024K)]
  0x000001941ecae990 JavaThread "Finalizer"                  daemon [_thread_blocked, id=17520, stack(0x0000002904800000,0x0000002904900000) (1024K)]
  0x000001941ecb0000 JavaThread "Signal Dispatcher"          daemon [_thread_blocked, id=18376, stack(0x0000002904900000,0x0000002904a00000) (1024K)]
  0x000001941ecb4a70 JavaThread "Attach Listener"            daemon [_thread_blocked, id=17636, stack(0x0000002904a00000,0x0000002904b00000) (1024K)]
  0x000001941ecb50d0 JavaThread "Service Thread"             daemon [_thread_blocked, id=8076, stack(0x0000002904b00000,0x0000002904c00000) (1024K)]
  0x000001941ecb59b0 JavaThread "Monitor Deflation Thread"   daemon [_thread_blocked, id=6216, stack(0x0000002904c00000,0x0000002904d00000) (1024K)]
  0x000001941ecc0030 JavaThread "C1 CompilerThread0"         daemon [_thread_blocked, id=17196, stack(0x0000002904d00000,0x0000002904e00000) (1024K)]
  0x000001941ec8bd90 JavaThread "Common-Cleaner"             daemon [_thread_blocked, id=4216, stack(0x0000002904e00000,0x0000002904f00000) (1024K)]
  0x00000194640d83d0 JavaThread "JDWP Transport Listener: dt_socket" daemon [_thread_blocked, id=10164, stack(0x0000002905000000,0x0000002905100000) (1024K)]
  0x00000194640daa60 JavaThread "JDWP Event Helper Thread"   daemon [_thread_blocked, id=9996, stack(0x0000002905100000,0x0000002905200000) (1024K)]
  0x00000194640db0e0 JavaThread "JDWP Command Reader"        daemon [_thread_blocked, id=15628, stack(0x0000002905200000,0x0000002905300000) (1024K)]
  0x0000019464a27070 JavaThread "Notification Thread"        daemon [_thread_blocked, id=9864, stack(0x0000002905300000,0x0000002905400000) (1024K)]
  0x0000019464b748d0 JavaThread "RMI TCP Accept-0"           daemon [_thread_in_native, id=18064, stack(0x0000002905800000,0x0000002905900000) (1024K)]
  0x0000019464bbbd40 JavaThread "RMI TCP Accept-54866"       daemon [_thread_in_native, id=10832, stack(0x0000002905900000,0x0000002905a00000) (1024K)]
  0x0000019464beccb0 JavaThread "RMI TCP Accept-0"           daemon [_thread_in_native, id=17540, stack(0x0000002905a00000,0x0000002905b00000) (1024K)]
  0x0000019464c2bc20 JavaThread "RMI TCP Connection(idle)"   daemon [_thread_blocked, id=18948, stack(0x0000002905b00000,0x0000002905c00000) (1024K)]
  0x0000019464d6cd20 JavaThread "RMI Scheduler(0)"           daemon [_thread_blocked, id=13620, stack(0x0000002905c00000,0x0000002905d00000) (1024K)]
  0x0000019464c4ec50 JavaThread "RMI TCP Connection(idle)"   daemon [_thread_blocked, id=18108, stack(0x0000002905d00000,0x0000002905e00000) (1024K)]
  0x0000019464e56fc0 JavaThread "JMX server connection timeout 33" daemon [_thread_blocked, id=15516, stack(0x0000002905e00000,0x0000002905f00000) (1024K)]
  0x0000019465177ad0 JavaThread "oracle.jdbc.driver.BlockSource.ThreadedCachingBlockSource.BlockReleaser" daemon [_thread_blocked, id=1388, stack(0x0000002906100000,0x0000002906200000) (1024K)]
  0x0000019465178160 JavaThread "InterruptTimer"             daemon [_thread_blocked, id=14640, stack(0x0000002906200000,0x0000002906300000) (1024K)]
  0x0000019465176090 JavaThread "OJDBC-WORKER-THREAD-1"      daemon [_thread_blocked, id=2956, stack(0x0000002906300000,0x0000002906400000) (1024K)]
  0x0000019465176db0 JavaThread "HikariPool-1 housekeeper"   daemon [_thread_blocked, id=6604, stack(0x0000002906400000,0x0000002906500000) (1024K)]
  0x000001946510e0c0 JavaThread "Catalina-utility-1"                [_thread_blocked, id=17048, stack(0x0000002906600000,0x0000002906700000) (1024K)]
  0x000001946510d3a0 JavaThread "Catalina-utility-2"                [_thread_blocked, id=10068, stack(0x0000002906700000,0x0000002906800000) (1024K)]
  0x0000019465112f80 JavaThread "container-0"                       [_thread_blocked, id=8680, stack(0x0000002906800000,0x0000002906900000) (1024K)]
  0x000001946510bff0 JavaThread "File Watcher"               daemon [_thread_blocked, id=18568, stack(0x0000002906900000,0x0000002906a00000) (1024K)]
  0x0000019465110820 JavaThread "Live Reload Server"         daemon [_thread_in_native, id=5936, stack(0x0000002906b00000,0x0000002906c00000) (1024K)]
  0x0000019465113610 JavaThread "http-nio-8028-exec-1"       daemon [_thread_blocked, id=9260, stack(0x0000002906a00000,0x0000002906b00000) (1024K)]
  0x000001946510c680 JavaThread "http-nio-8028-exec-2"       daemon [_thread_blocked, id=16192, stack(0x0000002906c00000,0x0000002906d00000) (1024K)]
=>0x0000019465110eb0 JavaThread "http-nio-8028-exec-3"       daemon [_thread_in_Java, id=1912, stack(0x0000002906d00000,0x0000002906e00000) (1024K)]
  0x0000019465112260 JavaThread "http-nio-8028-exec-4"       daemon [_thread_blocked, id=6148, stack(0x0000002906e00000,0x0000002906f00000) (1024K)]
  0x000001946510e750 JavaThread "http-nio-8028-exec-5"       daemon [_thread_blocked, id=5760, stack(0x0000002906f00000,0x0000002907000000) (1024K)]
  0x000001946510ede0 JavaThread "http-nio-8028-exec-6"       daemon [_thread_blocked, id=13856, stack(0x0000002907000000,0x0000002907100000) (1024K)]
  0x000001946510f470 JavaThread "http-nio-8028-exec-7"       daemon [_thread_blocked, id=17336, stack(0x0000002907100000,0x0000002907200000) (1024K)]
  0x000001946510cd10 JavaThread "http-nio-8028-exec-8"       daemon [_thread_blocked, id=11884, stack(0x0000002907200000,0x0000002907300000) (1024K)]
  0x000001946510fb00 JavaThread "http-nio-8028-exec-9"       daemon [_thread_blocked, id=16972, stack(0x0000002907300000,0x0000002907400000) (1024K)]
  0x0000019465110190 JavaThread "http-nio-8028-exec-10"      daemon [_thread_blocked, id=18316, stack(0x0000002907400000,0x0000002907500000) (1024K)]
  0x00000194651128f0 JavaThread "http-nio-8028-Poller"       daemon [_thread_in_native, id=12944, stack(0x0000002907500000,0x0000002907600000) (1024K)]
  0x00000194651787f0 JavaThread "http-nio-8028-Acceptor"     daemon [_thread_in_native, id=8252, stack(0x0000002907600000,0x0000002907700000) (1024K)]
  0x0000019465179510 JavaThread "DestroyJavaVM"                     [_thread_blocked, id=14704, stack(0x0000002903f00000,0x0000002904000000) (1024K)]
Total: 41

Other Threads:
  0x0000019414c4ebf0 VMThread "VM Thread"                           [id=17332, stack(0x0000002904600000,0x0000002904700000) (1024K)] _threads_hazard_ptr=0x0000019465655ef0
  0x000001941ec8aa00 WatcherThread "VM Periodic Task Thread"        [id=15216, stack(0x0000002904500000,0x0000002904600000) (1024K)]
  0x0000019414bcbaf0 WorkerThread "GC Thread#0"                     [id=1312, stack(0x0000002904000000,0x0000002904100000) (1024K)]
  0x0000019464a5ec10 WorkerThread "GC Thread#1"                     [id=356, stack(0x0000002905400000,0x0000002905500000) (1024K)]
  0x0000019464a74c10 WorkerThread "GC Thread#2"                     [id=18656, stack(0x0000002905500000,0x0000002905600000) (1024K)]
  0x0000019464a74fb0 WorkerThread "GC Thread#3"                     [id=16340, stack(0x0000002905600000,0x0000002905700000) (1024K)]
  0x0000019414bd5030 ConcurrentGCThread "G1 Main Marker"            [id=3244, stack(0x0000002904100000,0x0000002904200000) (1024K)]
  0x0000019414bd8260 WorkerThread "G1 Conc#0"                       [id=10808, stack(0x0000002904200000,0x0000002904300000) (1024K)]
  0x0000019414c36e30 ConcurrentGCThread "G1 Refine#0"               [id=12360, stack(0x0000002904300000,0x0000002904400000) (1024K)]
  0x0000019414c393d0 ConcurrentGCThread "G1 Service"                [id=14784, stack(0x0000002904400000,0x0000002904500000) (1024K)]
Total: 10

Threads with active compile tasks:
Total: 0

VM state: synchronizing (normal execution)

VM Mutex/Monitor currently owned by a thread:  ([mutex/lock_event])
[0x00007fffe515d380] Threads_lock - owner thread: 0x0000019414c4ebf0

Heap address: 0x00000000c1800000, size: 1000 MB, Compressed Oops mode: 32-bit

CDS archive(s) mapped at: [0x000001941f000000-0x000001941fc80000-0x000001941fc80000), size 13107200, SharedBaseAddress: 0x000001941f000000, ArchiveRelocationMode: 1.
Compressed class space mapped at: 0x0000019420000000-0x0000019460000000, reserved size: 1073741824
Narrow klass base: 0x000001941f000000, Narrow klass shift: 0, Narrow klass range: 0x100000000

GC Precious Log:
 CardTable entry size: 512
 Card Set container configuration: InlinePtr #cards 5 size 8 Array Of Cards #cards 12 size 40 Howl #buckets 4 coarsen threshold 1843 Howl Bitmap #cards 512 size 80 coarsen threshold 460 Card regions per heap region 1 cards per card region 2048
 CPUs: 4 total, 4 available
 Memory: 3992M
 Large Page Support: Disabled
 NUMA Support: Disabled
 Compressed Oops: Enabled (32-bit)
 Heap Region Size: 1M
 Heap Min Capacity: 8M
 Heap Initial Capacity: 64M
 Heap Max Capacity: 1000M
 Pre-touch: Disabled
 Parallel Workers: 4
 Concurrent Workers: 1
 Concurrent Refinement Workers: 4
 Periodic GC: Disabled

Heap:
 garbage-first heap   total 81920K, used 66636K [0x00000000c1800000, 0x0000000100000000)
  region size 1024K, 38 young (38912K), 5 survivors (5120K)
 Metaspace       used 72208K, committed 72896K, reserved 1114112K
  class space    used 9917K, committed 10240K, reserved 1048576K

Heap Regions: E=young(eden), S=young(survivor), O=old, HS=humongous(starts), HC=humongous(continues), CS=collection set, F=free, TAMS=top-at-mark-start, PB=parsable bottom
|   0|0x00000000c1800000, 0x00000000c1900000, 0x00000000c1900000|100%|HS|  |TAMS 0x00000000c1800000| PB 0x00000000c1800000| Complete 
|   1|0x00000000c1900000, 0x00000000c1a00000, 0x00000000c1a00000|100%| O|  |TAMS 0x00000000c1900000| PB 0x00000000c1900000| Untracked 
|   2|0x00000000c1a00000, 0x00000000c1b00000, 0x00000000c1b00000|100%| O|  |TAMS 0x00000000c1a00000| PB 0x00000000c1a00000| Untracked 
|   3|0x00000000c1b00000, 0x00000000c1c00000, 0x00000000c1c00000|100%| O|  |TAMS 0x00000000c1b00000| PB 0x00000000c1b00000| Untracked 
|   4|0x00000000c1c00000, 0x00000000c1d00000, 0x00000000c1d00000|100%| O|  |TAMS 0x00000000c1c00000| PB 0x00000000c1c00000| Untracked 
|   5|0x00000000c1d00000, 0x00000000c1e00000, 0x00000000c1e00000|100%| O|  |TAMS 0x00000000c1d00000| PB 0x00000000c1d00000| Untracked 
|   6|0x00000000c1e00000, 0x00000000c1f00000, 0x00000000c1f00000|100%| O|  |TAMS 0x00000000c1e00000| PB 0x00000000c1e00000| Untracked 
|   7|0x00000000c1f00000, 0x00000000c2000000, 0x00000000c2000000|100%| O|  |TAMS 0x00000000c1f00000| PB 0x00000000c1f00000| Untracked 
|   8|0x00000000c2000000, 0x00000000c2100000, 0x00000000c2100000|100%| O|  |TAMS 0x00000000c2000000| PB 0x00000000c2000000| Untracked 
|   9|0x00000000c2100000, 0x00000000c2200000, 0x00000000c2200000|100%| O|  |TAMS 0x00000000c2100000| PB 0x00000000c2100000| Untracked 
|  10|0x00000000c2200000, 0x00000000c2300000, 0x00000000c2300000|100%| O|  |TAMS 0x00000000c2200000| PB 0x00000000c2200000| Untracked 
|  11|0x00000000c2300000, 0x00000000c2400000, 0x00000000c2400000|100%| O|  |TAMS 0x00000000c2300000| PB 0x00000000c2300000| Untracked 
|  12|0x00000000c2400000, 0x00000000c2500000, 0x00000000c2500000|100%| O|  |TAMS 0x00000000c2400000| PB 0x00000000c2400000| Untracked 
|  13|0x00000000c2500000, 0x00000000c2600000, 0x00000000c2600000|100%| O|  |TAMS 0x00000000c2500000| PB 0x00000000c2500000| Untracked 
|  14|0x00000000c2600000, 0x00000000c2700000, 0x00000000c2700000|100%| O|  |TAMS 0x00000000c2600000| PB 0x00000000c2600000| Untracked 
|  15|0x00000000c2700000, 0x00000000c2800000, 0x00000000c2800000|100%| O|  |TAMS 0x00000000c2700000| PB 0x00000000c2700000| Untracked 
|  16|0x00000000c2800000, 0x00000000c2900000, 0x00000000c2900000|100%| O|  |TAMS 0x00000000c2800000| PB 0x00000000c2800000| Untracked 
|  17|0x00000000c2900000, 0x00000000c2a00000, 0x00000000c2a00000|100%| O|  |TAMS 0x00000000c2900000| PB 0x00000000c2900000| Untracked 
|  18|0x00000000c2a00000, 0x00000000c2b00000, 0x00000000c2b00000|100%| O|  |TAMS 0x00000000c2a00000| PB 0x00000000c2a00000| Untracked 
|  19|0x00000000c2b00000, 0x00000000c2c00000, 0x00000000c2c00000|100%| O|  |TAMS 0x00000000c2b00000| PB 0x00000000c2b00000| Untracked 
|  20|0x00000000c2c00000, 0x00000000c2d00000, 0x00000000c2d00000|100%| O|Cm|TAMS 0x00000000c2c00000| PB 0x00000000c2c00000| Complete 
|  21|0x00000000c2d00000, 0x00000000c2e00000, 0x00000000c2e00000|100%| O|  |TAMS 0x00000000c2d00000| PB 0x00000000c2d00000| Untracked 
|  22|0x00000000c2e00000, 0x00000000c2f00000, 0x00000000c2f00000|100%| O|  |TAMS 0x00000000c2e00000| PB 0x00000000c2e00000| Untracked 
|  23|0x00000000c2f00000, 0x00000000c3000000, 0x00000000c3000000|100%| O|  |TAMS 0x00000000c2f00000| PB 0x00000000c2f00000| Untracked 
|  24|0x00000000c3000000, 0x00000000c3100000, 0x00000000c3100000|100%| O|  |TAMS 0x00000000c3000000| PB 0x00000000c3000000| Untracked 
|  25|0x00000000c3100000, 0x00000000c3200000, 0x00000000c3200000|100%| O|  |TAMS 0x00000000c3100000| PB 0x00000000c3100000| Untracked 
|  26|0x00000000c3200000, 0x00000000c3300000, 0x00000000c3300000|100%| O|  |TAMS 0x00000000c3200000| PB 0x00000000c3200000| Untracked 
|  27|0x00000000c3300000, 0x00000000c3400000, 0x00000000c3400000|100%| O|  |TAMS 0x00000000c3300000| PB 0x00000000c3300000| Untracked 
|  28|0x00000000c3400000, 0x00000000c3500000, 0x00000000c3500000|100%| O|  |TAMS 0x00000000c3400000| PB 0x00000000c3400000| Untracked 
|  29|0x00000000c3500000, 0x00000000c35e2400, 0x00000000c3600000| 88%| O|  |TAMS 0x00000000c3500000| PB 0x00000000c3500000| Untracked 
|  30|0x00000000c3600000, 0x00000000c3600000, 0x00000000c3700000|  0%| F|  |TAMS 0x00000000c3600000| PB 0x00000000c3600000| Untracked 
|  31|0x00000000c3700000, 0x00000000c3730e18, 0x00000000c3800000| 19%| S|CS|TAMS 0x00000000c3700000| PB 0x00000000c3700000| Complete 
|  32|0x00000000c3800000, 0x00000000c3900000, 0x00000000c3900000|100%| S|CS|TAMS 0x00000000c3800000| PB 0x00000000c3800000| Complete 
|  33|0x00000000c3900000, 0x00000000c3a00000, 0x00000000c3a00000|100%| S|CS|TAMS 0x00000000c3900000| PB 0x00000000c3900000| Complete 
|  34|0x00000000c3a00000, 0x00000000c3b00000, 0x00000000c3b00000|100%| S|CS|TAMS 0x00000000c3a00000| PB 0x00000000c3a00000| Complete 
|  35|0x00000000c3b00000, 0x00000000c3c00000, 0x00000000c3c00000|100%| S|CS|TAMS 0x00000000c3b00000| PB 0x00000000c3b00000| Complete 
|  36|0x00000000c3c00000, 0x00000000c3c00000, 0x00000000c3d00000|  0%| F|  |TAMS 0x00000000c3c00000| PB 0x00000000c3c00000| Untracked 
|  37|0x00000000c3d00000, 0x00000000c3d00000, 0x00000000c3e00000|  0%| F|  |TAMS 0x00000000c3d00000| PB 0x00000000c3d00000| Untracked 
|  38|0x00000000c3e00000, 0x00000000c3e00000, 0x00000000c3f00000|  0%| F|  |TAMS 0x00000000c3e00000| PB 0x00000000c3e00000| Untracked 
|  39|0x00000000c3f00000, 0x00000000c3f00000, 0x00000000c4000000|  0%| F|  |TAMS 0x00000000c3f00000| PB 0x00000000c3f00000| Untracked 
|  40|0x00000000c4000000, 0x00000000c4000000, 0x00000000c4100000|  0%| F|  |TAMS 0x00000000c4000000| PB 0x00000000c4000000| Untracked 
|  41|0x00000000c4100000, 0x00000000c4100000, 0x00000000c4200000|  0%| F|  |TAMS 0x00000000c4100000| PB 0x00000000c4100000| Untracked 
|  42|0x00000000c4200000, 0x00000000c4200000, 0x00000000c4300000|  0%| F|  |TAMS 0x00000000c4200000| PB 0x00000000c4200000| Untracked 
|  43|0x00000000c4300000, 0x00000000c4300000, 0x00000000c4400000|  0%| F|  |TAMS 0x00000000c4300000| PB 0x00000000c4300000| Untracked 
|  44|0x00000000c4400000, 0x00000000c4400000, 0x00000000c4500000|  0%| F|  |TAMS 0x00000000c4400000| PB 0x00000000c4400000| Untracked 
|  45|0x00000000c4500000, 0x00000000c4500000, 0x00000000c4600000|  0%| F|  |TAMS 0x00000000c4500000| PB 0x00000000c4500000| Untracked 
|  46|0x00000000c4600000, 0x00000000c4600000, 0x00000000c4700000|  0%| F|  |TAMS 0x00000000c4600000| PB 0x00000000c4600000| Untracked 
|  47|0x00000000c4700000, 0x00000000c47bb488, 0x00000000c4800000| 73%| E|  |TAMS 0x00000000c4700000| PB 0x00000000c4700000| Complete 
|  48|0x00000000c4800000, 0x00000000c4900000, 0x00000000c4900000|100%| E|CS|TAMS 0x00000000c4800000| PB 0x00000000c4800000| Complete 
|  49|0x00000000c4900000, 0x00000000c4a00000, 0x00000000c4a00000|100%| E|CS|TAMS 0x00000000c4900000| PB 0x00000000c4900000| Complete 
|  50|0x00000000c4a00000, 0x00000000c4b00000, 0x00000000c4b00000|100%| E|CS|TAMS 0x00000000c4a00000| PB 0x00000000c4a00000| Complete 
|  51|0x00000000c4b00000, 0x00000000c4c00000, 0x00000000c4c00000|100%| E|CS|TAMS 0x00000000c4b00000| PB 0x00000000c4b00000| Complete 
|  52|0x00000000c4c00000, 0x00000000c4d00000, 0x00000000c4d00000|100%| E|CS|TAMS 0x00000000c4c00000| PB 0x00000000c4c00000| Complete 
|  53|0x00000000c4d00000, 0x00000000c4e00000, 0x00000000c4e00000|100%| E|CS|TAMS 0x00000000c4d00000| PB 0x00000000c4d00000| Complete 
|  54|0x00000000c4e00000, 0x00000000c4f00000, 0x00000000c4f00000|100%| E|CS|TAMS 0x00000000c4e00000| PB 0x00000000c4e00000| Complete 
|  55|0x00000000c4f00000, 0x00000000c5000000, 0x00000000c5000000|100%| E|CS|TAMS 0x00000000c4f00000| PB 0x00000000c4f00000| Complete 
|  56|0x00000000c5000000, 0x00000000c5100000, 0x00000000c5100000|100%| E|CS|TAMS 0x00000000c5000000| PB 0x00000000c5000000| Complete 
|  57|0x00000000c5100000, 0x00000000c5200000, 0x00000000c5200000|100%| E|CS|TAMS 0x00000000c5100000| PB 0x00000000c5100000| Complete 
|  58|0x00000000c5200000, 0x00000000c5300000, 0x00000000c5300000|100%| E|CS|TAMS 0x00000000c5200000| PB 0x00000000c5200000| Complete 
|  59|0x00000000c5300000, 0x00000000c5400000, 0x00000000c5400000|100%| E|CS|TAMS 0x00000000c5300000| PB 0x00000000c5300000| Complete 
|  60|0x00000000c5400000, 0x00000000c5500000, 0x00000000c5500000|100%| E|CS|TAMS 0x00000000c5400000| PB 0x00000000c5400000| Complete 
|  61|0x00000000c5500000, 0x00000000c5600000, 0x00000000c5600000|100%| E|CS|TAMS 0x00000000c5500000| PB 0x00000000c5500000| Complete 
|  62|0x00000000c5600000, 0x00000000c5700000, 0x00000000c5700000|100%| E|CS|TAMS 0x00000000c5600000| PB 0x00000000c5600000| Complete 
|  63|0x00000000c5700000, 0x00000000c5800000, 0x00000000c5800000|100%| E|CS|TAMS 0x00000000c5700000| PB 0x00000000c5700000| Complete 
|  64|0x00000000c5800000, 0x00000000c5900000, 0x00000000c5900000|100%| E|CS|TAMS 0x00000000c5800000| PB 0x00000000c5800000| Complete 
|  65|0x00000000c5900000, 0x00000000c5a00000, 0x00000000c5a00000|100%| E|CS|TAMS 0x00000000c5900000| PB 0x00000000c5900000| Complete 
|  66|0x00000000c5a00000, 0x00000000c5b00000, 0x00000000c5b00000|100%| E|CS|TAMS 0x00000000c5a00000| PB 0x00000000c5a00000| Complete 
|  67|0x00000000c5b00000, 0x00000000c5c00000, 0x00000000c5c00000|100%| E|CS|TAMS 0x00000000c5b00000| PB 0x00000000c5b00000| Complete 
|  68|0x00000000c5c00000, 0x00000000c5d00000, 0x00000000c5d00000|100%| E|CS|TAMS 0x00000000c5c00000| PB 0x00000000c5c00000| Complete 
|  69|0x00000000c5d00000, 0x00000000c5e00000, 0x00000000c5e00000|100%| E|CS|TAMS 0x00000000c5d00000| PB 0x00000000c5d00000| Complete 
|  70|0x00000000c5e00000, 0x00000000c5f00000, 0x00000000c5f00000|100%| E|CS|TAMS 0x00000000c5e00000| PB 0x00000000c5e00000| Complete 
|  71|0x00000000c5f00000, 0x00000000c6000000, 0x00000000c6000000|100%| E|CS|TAMS 0x00000000c5f00000| PB 0x00000000c5f00000| Complete 
|  72|0x00000000c6000000, 0x00000000c6100000, 0x00000000c6100000|100%| E|CS|TAMS 0x00000000c6000000| PB 0x00000000c6000000| Complete 
|  73|0x00000000c6100000, 0x00000000c6200000, 0x00000000c6200000|100%| E|CS|TAMS 0x00000000c6100000| PB 0x00000000c6100000| Complete 
|  74|0x00000000c6200000, 0x00000000c6300000, 0x00000000c6300000|100%| E|CS|TAMS 0x00000000c6200000| PB 0x00000000c6200000| Complete 
|  75|0x00000000c6300000, 0x00000000c6400000, 0x00000000c6400000|100%| E|  |TAMS 0x00000000c6300000| PB 0x00000000c6300000| Complete 
|  76|0x00000000c6400000, 0x00000000c6500000, 0x00000000c6500000|100%| E|CS|TAMS 0x00000000c6400000| PB 0x00000000c6400000| Complete 
|  77|0x00000000c6500000, 0x00000000c6600000, 0x00000000c6600000|100%| E|CS|TAMS 0x00000000c6500000| PB 0x00000000c6500000| Complete 
|  78|0x00000000c6600000, 0x00000000c6700000, 0x00000000c6700000|100%| E|CS|TAMS 0x00000000c6600000| PB 0x00000000c6600000| Complete 
|  79|0x00000000c6700000, 0x00000000c6800000, 0x00000000c6800000|100%| E|CS|TAMS 0x00000000c6700000| PB 0x00000000c6700000| Complete 

Card table byte_map: [0x000001941b6a0000,0x000001941b8a0000] _byte_map_base: 0x000001941b094000

Marking Bits: (CMBitMap*) 0x0000019414bcc100
 Bits: [0x000001941b8a0000, 0x000001941c840000)

Polling page: 0x0000019412b60000

Metaspace:

Usage:
  Non-class:     60.83 MB used.
      Class:      9.68 MB used.
       Both:     70.52 MB used.

Virtual space:
  Non-class space:       64.00 MB reserved,      61.19 MB ( 96%) committed,  1 nodes.
      Class space:        1.00 GB reserved,      10.00 MB ( <1%) committed,  1 nodes.
             Both:        1.06 GB reserved,      71.19 MB (  7%) committed. 

Chunk freelists:
   Non-Class:  2.05 MB
       Class:  5.98 MB
        Both:  8.03 MB

MaxMetaspaceSize: unlimited
CompressedClassSpaceSize: 1.00 GB
Initial GC threshold: 21.00 MB
Current GC threshold: 108.75 MB
CDS: on
 - commit_granule_bytes: 65536.
 - commit_granule_words: 8192.
 - virtual_space_node_default_size: 8388608.
 - enlarge_chunks_in_place: 1.
 - use_allocation_guard: 0.


Internal statistics:

num_allocs_failed_limit: 6.
num_arena_births: 894.
num_arena_deaths: 0.
num_vsnodes_births: 2.
num_vsnodes_deaths: 0.
num_space_committed: 1139.
num_space_uncommitted: 0.
num_chunks_returned_to_freelist: 6.
num_chunks_taken_from_freelist: 3392.
num_chunk_merges: 6.
num_chunk_splits: 2485.
num_chunks_enlarged: 1994.
num_inconsistent_stats: 0.

CodeCache: size=49152Kb used=13655Kb max_used=14560Kb free=35496Kb
 bounds [0x00000194186a0000, 0x00000194194e0000, 0x000001941b6a0000]
 total_blobs=7856 nmethods=7126 adapters=654
 compilation: enabled
              stopped_count=0, restarted_count=0
 full_count=0

Compilation events (20 events):
Event: 22.008 Thread 0x000001941ecc0030 7203       1       java.io.File::normalizedList (86 bytes)
Event: 22.008 Thread 0x000001941ecc0030 nmethod 7203 0x0000019418850290 code [0x00000194188504a0, 0x00000194188508e8]
Event: 22.008 Thread 0x000001941ecc0030 7204   !   1       java.io.WinNTFileSystem::list (27 bytes)
Event: 22.009 Thread 0x000001941ecc0030 nmethod 7204 0x000001941884fe10 code [0x000001941884ffe0, 0x0000019418850170]
Event: 25.054 Thread 0x000001941ecc0030 7205       1       org.springframework.boot.devtools.filewatch.DirectorySnapshot::collectFiles (99 bytes)
Event: 25.055 Thread 0x000001941ecc0030 nmethod 7205 0x000001941884f190 code [0x000001941884f420, 0x000001941884f958]
Event: 28.882 Thread 0x000001941ecc0030 7208       1       org.apache.catalina.util.LifecycleBase::getState (5 bytes)
Event: 28.882 Thread 0x000001941ecc0030 nmethod 7208 0x000001941884e690 code [0x000001941884e820, 0x000001941884e8e8]
Event: 30.064 Thread 0x000001941ecc0030 7209       1       jdk.internal.misc.Unsafe::putReferenceOpaque (9 bytes)
Event: 30.064 Thread 0x000001941ecc0030 nmethod 7209 0x000001941884e390 code [0x000001941884e520, 0x000001941884e638]
Event: 34.067 Thread 0x000001941ecc0030 7210       1       java.util.concurrent.ThreadPoolExecutor::runStateAtLeast (11 bytes)
Event: 34.067 Thread 0x000001941ecc0030 nmethod 7210 0x000001941884e090 code [0x000001941884e220, 0x000001941884e2d8]
Event: 35.702 Thread 0x000001941ecc0030 7211       1       java.util.AbstractCollection::containsAll (38 bytes)
Event: 35.703 Thread 0x000001941ecc0030 nmethod 7211 0x000001941884db90 code [0x000001941884dd60, 0x000001941884df58]
Event: 38.072 Thread 0x000001941ecc0030 7212       1       java.util.concurrent.locks.AbstractQueuedSynchronizer$ConditionObject::canReacquire (38 bytes)
Event: 38.073 Thread 0x000001941ecc0030 nmethod 7212 0x000001941884d790 code [0x000001941884d920, 0x000001941884da80]
Event: 38.883 Thread 0x000001941ecc0030 7213       1       java.util.EventObject::<init> (24 bytes)
Event: 38.884 Thread 0x000001941ecc0030 nmethod 7213 0x000001941884d310 code [0x000001941884d4c0, 0x000001941884d698]
Event: 40.063 Thread 0x000001941ecc0030 7214       1       java.util.concurrent.ScheduledThreadPoolExecutor$DelayedWorkQueue::setIndex (16 bytes)
Event: 40.063 Thread 0x000001941ecc0030 nmethod 7214 0x000001941884cf90 code [0x000001941884d120, 0x000001941884d250]

GC Heap History (20 events):
Event: 6.136 GC heap before
{Heap before GC invocations=18 (full 0):
 garbage-first heap   total 67584K, used 58964K [0x00000000c1800000, 0x0000000100000000)
  region size 1024K, 38 young (38912K), 3 survivors (3072K)
 Metaspace       used 42142K, committed 42624K, reserved 1114112K
  class space    used 5626K, committed 5888K, reserved 1048576K
}
Event: 6.140 GC heap after
{Heap after GC invocations=19 (full 0):
 garbage-first heap   total 67584K, used 23601K [0x00000000c1800000, 0x0000000100000000)
  region size 1024K, 3 young (3072K), 3 survivors (3072K)
 Metaspace       used 42142K, committed 42624K, reserved 1114112K
  class space    used 5626K, committed 5888K, reserved 1048576K
}
Event: 6.685 GC heap before
{Heap before GC invocations=19 (full 0):
 garbage-first heap   total 67584K, used 59441K [0x00000000c1800000, 0x0000000100000000)
  region size 1024K, 38 young (38912K), 3 survivors (3072K)
 Metaspace       used 46728K, committed 47232K, reserved 1114112K
  class space    used 6235K, committed 6464K, reserved 1048576K
}
Event: 6.689 GC heap after
{Heap after GC invocations=20 (full 0):
 garbage-first heap   total 67584K, used 24360K [0x00000000c1800000, 0x0000000100000000)
  region size 1024K, 3 young (3072K), 3 survivors (3072K)
 Metaspace       used 46728K, committed 47232K, reserved 1114112K
  class space    used 6235K, committed 6464K, reserved 1048576K
}
Event: 7.000 GC heap before
{Heap before GC invocations=20 (full 0):
 garbage-first heap   total 67584K, used 58152K [0x00000000c1800000, 0x0000000100000000)
  region size 1024K, 37 young (37888K), 3 survivors (3072K)
 Metaspace       used 50182K, committed 50688K, reserved 1114112K
  class space    used 6729K, committed 6976K, reserved 1048576K
}
Event: 7.004 GC heap after
{Heap after GC invocations=21 (full 0):
 garbage-first heap   total 67584K, used 25750K [0x00000000c1800000, 0x0000000100000000)
  region size 1024K, 4 young (4096K), 4 survivors (4096K)
 Metaspace       used 50182K, committed 50688K, reserved 1114112K
  class space    used 6729K, committed 6976K, reserved 1048576K
}
Event: 7.340 GC heap before
{Heap before GC invocations=21 (full 0):
 garbage-first heap   total 67584K, used 58518K [0x00000000c1800000, 0x0000000100000000)
  region size 1024K, 36 young (36864K), 4 survivors (4096K)
 Metaspace       used 53293K, committed 53824K, reserved 1114112K
  class space    used 7113K, committed 7360K, reserved 1048576K
}
Event: 7.346 GC heap after
{Heap after GC invocations=22 (full 0):
 garbage-first heap   total 67584K, used 26653K [0x00000000c1800000, 0x0000000100000000)
  region size 1024K, 4 young (4096K), 4 survivors (4096K)
 Metaspace       used 53293K, committed 53824K, reserved 1114112K
  class space    used 7113K, committed 7360K, reserved 1048576K
}
Event: 7.374 GC heap before
{Heap before GC invocations=22 (full 0):
 garbage-first heap   total 67584K, used 30749K [0x00000000c1800000, 0x0000000100000000)
  region size 1024K, 9 young (9216K), 4 survivors (4096K)
 Metaspace       used 53531K, committed 54016K, reserved 1114112K
  class space    used 7161K, committed 7424K, reserved 1048576K
}
Event: 7.378 GC heap after
{Heap after GC invocations=23 (full 0):
 garbage-first heap   total 81920K, used 26817K [0x00000000c1800000, 0x0000000100000000)
  region size 1024K, 3 young (3072K), 3 survivors (3072K)
 Metaspace       used 53531K, committed 54016K, reserved 1114112K
  class space    used 7161K, committed 7424K, reserved 1048576K
}
Event: 8.161 GC heap before
{Heap before GC invocations=24 (full 0):
 garbage-first heap   total 81920K, used 72897K [0x00000000c1800000, 0x0000000100000000)
  region size 1024K, 48 young (49152K), 3 survivors (3072K)
 Metaspace       used 57094K, committed 57664K, reserved 1114112K
  class space    used 7869K, committed 8128K, reserved 1048576K
}
Event: 8.167 GC heap after
{Heap after GC invocations=25 (full 0):
 garbage-first heap   total 81920K, used 29391K [0x00000000c1800000, 0x0000000100000000)
  region size 1024K, 5 young (5120K), 5 survivors (5120K)
 Metaspace       used 57094K, committed 57664K, reserved 1114112K
  class space    used 7869K, committed 8128K, reserved 1048576K
}
Event: 8.589 GC heap before
{Heap before GC invocations=25 (full 0):
 garbage-first heap   total 81920K, used 72399K [0x00000000c1800000, 0x0000000100000000)
  region size 1024K, 47 young (48128K), 5 survivors (5120K)
 Metaspace       used 60780K, committed 61312K, reserved 1114112K
  class space    used 8324K, committed 8576K, reserved 1048576K
}
Event: 8.595 GC heap after
{Heap after GC invocations=26 (full 0):
 garbage-first heap   total 81920K, used 29052K [0x00000000c1800000, 0x0000000100000000)
  region size 1024K, 3 young (3072K), 3 survivors (3072K)
 Metaspace       used 60780K, committed 61312K, reserved 1114112K
  class space    used 8324K, committed 8576K, reserved 1048576K
}
Event: 9.171 GC heap before
{Heap before GC invocations=26 (full 0):
 garbage-first heap   total 81920K, used 74108K [0x00000000c1800000, 0x0000000100000000)
  region size 1024K, 47 young (48128K), 3 survivors (3072K)
 Metaspace       used 63029K, committed 63616K, reserved 1114112K
  class space    used 8627K, committed 8896K, reserved 1048576K
}
Event: 9.178 GC heap after
{Heap after GC invocations=27 (full 0):
 garbage-first heap   total 81920K, used 31177K [0x00000000c1800000, 0x0000000100000000)
  region size 1024K, 5 young (5120K), 5 survivors (5120K)
 Metaspace       used 63029K, committed 63616K, reserved 1114112K
  class space    used 8627K, committed 8896K, reserved 1048576K
}
Event: 9.603 GC heap before
{Heap before GC invocations=27 (full 0):
 garbage-first heap   total 81920K, used 72137K [0x00000000c1800000, 0x0000000100000000)
  region size 1024K, 45 young (46080K), 5 survivors (5120K)
 Metaspace       used 65868K, committed 66496K, reserved 1114112K
  class space    used 9045K, committed 9344K, reserved 1048576K
}
Event: 9.611 GC heap after
{Heap after GC invocations=28 (full 0):
 garbage-first heap   total 81920K, used 32717K [0x00000000c1800000, 0x0000000100000000)
  region size 1024K, 4 young (4096K), 4 survivors (4096K)
 Metaspace       used 65868K, committed 66496K, reserved 1114112K
  class space    used 9045K, committed 9344K, reserved 1048576K
}
Event: 13.852 GC heap before
{Heap before GC invocations=29 (full 0):
 garbage-first heap   total 81920K, used 73677K [0x00000000c1800000, 0x0000000100000000)
  region size 1024K, 44 young (45056K), 4 survivors (4096K)
 Metaspace       used 68890K, committed 69568K, reserved 1114112K
  class space    used 9505K, committed 9856K, reserved 1048576K
}
Event: 13.861 GC heap after
{Heap after GC invocations=30 (full 0):
 garbage-first heap   total 81920K, used 34892K [0x00000000c1800000, 0x0000000100000000)
  region size 1024K, 5 young (5120K), 5 survivors (5120K)
 Metaspace       used 68890K, committed 69568K, reserved 1114112K
  class space    used 9505K, committed 9856K, reserved 1048576K
}

Dll operation events (12 events):
Event: 0.044 Loaded shared library C:\sts-4.27.0.RELEASE\plugins\org.eclipse.justj.openjdk.hotspot.jre.full.win32.x86_64_21.0.5.v20241023-1957\jre\bin\java.dll
Event: 0.089 Loaded shared library C:\sts-4.27.0.RELEASE\plugins\org.eclipse.justj.openjdk.hotspot.jre.full.win32.x86_64_21.0.5.v20241023-1957\jre\bin\zip.dll
Event: 0.663 Loaded shared library C:\sts-4.27.0.RELEASE\plugins\org.eclipse.justj.openjdk.hotspot.jre.full.win32.x86_64_21.0.5.v20241023-1957\jre\bin\instrument.dll
Event: 0.671 Loaded shared library C:\sts-4.27.0.RELEASE\plugins\org.eclipse.justj.openjdk.hotspot.jre.full.win32.x86_64_21.0.5.v20241023-1957\jre\bin\net.dll
Event: 0.673 Loaded shared library C:\sts-4.27.0.RELEASE\plugins\org.eclipse.justj.openjdk.hotspot.jre.full.win32.x86_64_21.0.5.v20241023-1957\jre\bin\nio.dll
Event: 0.677 Loaded shared library C:\sts-4.27.0.RELEASE\plugins\org.eclipse.justj.openjdk.hotspot.jre.full.win32.x86_64_21.0.5.v20241023-1957\jre\bin\zip.dll
Event: 0.909 Loaded shared library C:\sts-4.27.0.RELEASE\plugins\org.eclipse.justj.openjdk.hotspot.jre.full.win32.x86_64_21.0.5.v20241023-1957\jre\bin\jimage.dll
Event: 0.999 Loaded shared library C:\sts-4.27.0.RELEASE\plugins\org.eclipse.justj.openjdk.hotspot.jre.full.win32.x86_64_21.0.5.v20241023-1957\jre\bin\management.dll
Event: 1.014 Loaded shared library C:\sts-4.27.0.RELEASE\plugins\org.eclipse.justj.openjdk.hotspot.jre.full.win32.x86_64_21.0.5.v20241023-1957\jre\bin\management_ext.dll
Event: 1.377 Loaded shared library C:\sts-4.27.0.RELEASE\plugins\org.eclipse.justj.openjdk.hotspot.jre.full.win32.x86_64_21.0.5.v20241023-1957\jre\bin\extnet.dll
Event: 1.407 Loaded shared library C:\sts-4.27.0.RELEASE\plugins\org.eclipse.justj.openjdk.hotspot.jre.full.win32.x86_64_21.0.5.v20241023-1957\jre\bin\verify.dll
Event: 4.970 Loaded shared library C:\sts-4.27.0.RELEASE\plugins\org.eclipse.justj.openjdk.hotspot.jre.full.win32.x86_64_21.0.5.v20241023-1957\jre\bin\sunmscapi.dll

Deoptimization events (20 events):
Event: 14.275 Thread 0x0000019465113610 DEOPT PACKING pc=0x0000019418e09c94 sp=0x0000002906afa850
Event: 14.275 Thread 0x0000019465113610 DEOPT UNPACKING pc=0x00000194186f4e42 sp=0x0000002906af9e10 mode 1
Event: 14.284 Thread 0x0000019465113610 DEOPT PACKING pc=0x0000019418e202ac sp=0x0000002906afb0c0
Event: 14.284 Thread 0x0000019465113610 DEOPT UNPACKING pc=0x00000194186f4e42 sp=0x0000002906afa620 mode 1
Event: 14.284 Thread 0x0000019465113610 DEOPT PACKING pc=0x0000019418ff521c sp=0x0000002906afb1e0
Event: 14.284 Thread 0x0000019465113610 DEOPT UNPACKING pc=0x00000194186f4e42 sp=0x0000002906afa6b0 mode 1
Event: 14.300 Thread 0x0000019465113610 DEOPT PACKING pc=0x0000019418e084dc sp=0x0000002906afac90
Event: 14.301 Thread 0x0000019465113610 DEOPT UNPACKING pc=0x00000194186f4e42 sp=0x0000002906afa1c8 mode 1
Event: 14.301 Thread 0x0000019465113610 DEOPT PACKING pc=0x0000019418e0b53c sp=0x0000002906afad80
Event: 14.301 Thread 0x0000019465113610 DEOPT UNPACKING pc=0x00000194186f4e42 sp=0x0000002906afa328 mode 1
Event: 14.301 Thread 0x0000019465113610 DEOPT PACKING pc=0x0000019418e09c94 sp=0x0000002906afaee0
Event: 14.301 Thread 0x0000019465113610 DEOPT UNPACKING pc=0x00000194186f4e42 sp=0x0000002906afa4a0 mode 1
Event: 14.301 Thread 0x0000019465113610 DEOPT PACKING pc=0x0000019418e084dc sp=0x0000002906afa890
Event: 14.301 Thread 0x0000019465113610 DEOPT UNPACKING pc=0x00000194186f4e42 sp=0x0000002906af9dc8 mode 1
Event: 14.301 Thread 0x0000019465113610 DEOPT PACKING pc=0x0000019418e0b53c sp=0x0000002906afa980
Event: 14.301 Thread 0x0000019465113610 DEOPT UNPACKING pc=0x00000194186f4e42 sp=0x0000002906af9f28 mode 1
Event: 14.301 Thread 0x0000019465113610 DEOPT PACKING pc=0x0000019418e09c94 sp=0x0000002906afaae0
Event: 14.301 Thread 0x0000019465113610 DEOPT UNPACKING pc=0x00000194186f4e42 sp=0x0000002906afa0a0 mode 1
Event: 47.889 Thread 0x0000019465110eb0 DEOPT PACKING pc=0x00000194192d4334 sp=0x0000002906dfbcd0
Event: 47.889 Thread 0x0000019465110eb0 DEOPT UNPACKING pc=0x00000194186f4e42 sp=0x0000002906dfb178 mode 0

Classes loaded (20 events):
Event: 14.081 Loading class java/util/concurrent/atomic/AtomicReferenceArray
Event: 14.082 Loading class java/util/concurrent/atomic/AtomicReferenceArray done
Event: 14.082 Loading class java/lang/invoke/VarHandleReferences$Array
Event: 14.083 Loading class java/lang/invoke/VarHandleReferences$Array done
Event: 14.139 Loading class java/security/InvalidKeyException
Event: 14.139 Loading class java/security/KeyException
Event: 14.139 Loading class java/security/KeyException done
Event: 14.139 Loading class java/security/InvalidKeyException done
Event: 14.140 Loading class com/sun/crypto/provider/HmacCore$HmacSHA256
Event: 14.140 Loading class com/sun/crypto/provider/HmacCore$HmacSHA256 done
Event: 14.295 Loading class java/math/MathContext
Event: 14.296 Loading class java/math/MathContext done
Event: 14.322 Loading class org/w3c/dom/Document
Event: 14.323 Loading class org/w3c/dom/Document done
Event: 14.353 Loading class sun/nio/cs/ISO_8859_1$Encoder
Event: 14.353 Loading class sun/nio/cs/ISO_8859_1$Encoder done
Event: 14.353 Loading class sun/nio/cs/Surrogate$Parser
Event: 14.354 Loading class sun/nio/cs/Surrogate$Parser done
Event: 14.354 Loading class sun/nio/cs/Surrogate
Event: 14.354 Loading class sun/nio/cs/Surrogate done

Classes unloaded (0 events):
No events

Classes redefined (1 events):
Event: 47.916 Thread 0x0000019414c4ebf0 redefined class name=com.project.manage.Controller.CompliantController, count=1

Internal exceptions (20 events):
Event: 9.239 Thread 0x0000019465179510 Exception <a 'java/lang/ClassNotFoundException'{0x00000000c64273a0}: org/springframework/beans/factory/AwareCustomizer> (0x00000000c64273a0) 
thrown [s\src\hotspot\share\classfile\systemDictionary.cpp, line 312]
Event: 9.449 Thread 0x0000019465179510 Exception <a 'java/lang/NoSuchMethodError'{0x00000000c4cfdeb0}: 'long java.lang.invoke.DelegatingMethodHandle$Holder.reinvoke_L(java.lang.Object, java.lang.Object)'> (0x00000000c4cfdeb0) 
thrown [s\src\hotspot\share\interpreter\linkResolver.cpp, line 773]
Event: 9.532 Thread 0x0000019465179510 Exception <a 'java/lang/IncompatibleClassChangeError'{0x00000000c44753c0}: Found class java.lang.Object, but interface was expected> (0x00000000c44753c0) 
thrown [s\src\hotspot\share\interpreter\linkResolver.cpp, line 840]
Event: 9.558 Thread 0x0000019465179510 Exception <a 'java/lang/ClassNotFoundException'{0x00000000c42b19e0}: java/lang/ObjectCustomizer> (0x00000000c42b19e0) 
thrown [s\src\hotspot\share\classfile\systemDictionary.cpp, line 312]
Event: 9.559 Thread 0x0000019465179510 Exception <a 'java/lang/ClassNotFoundException'{0x00000000c42ba5a0}: org/springframework/security/config/annotation/web/configuration/HttpSecurityConfigurationCustomizer> (0x00000000c42ba5a0) 
thrown [s\src\hotspot\share\classfile\systemDictionary.cpp, line 312]
Event: 9.576 Thread 0x0000019465179510 Exception <a 'java/lang/NoSuchMethodError'{0x00000000c418dc28}: 'java.lang.Object java.lang.invoke.DirectMethodHandle$Holder.invokeInterface(java.lang.Object, java.lang.Object, java.lang.Object, java.lang.Object)'> (0x00000000c418dc28) 
thrown [s\src\hotspot\share\interpreter\linkResolver.cpp, line 773]
Event: 9.633 Thread 0x0000019465179510 Exception <a 'java/lang/NoSuchMethodError'{0x00000000c6618088}: 'void java.lang.invoke.DirectMethodHandle$Holder.invokeVirtual(java.lang.Object, java.lang.Object, long)'> (0x00000000c6618088) 
thrown [s\src\hotspot\share\interpreter\linkResolver.cpp, line 773]
Event: 9.712 Thread 0x0000019465179510 Exception <a 'java/lang/NoSuchMethodError'{0x00000000c5fdcb18}: 'int java.lang.invoke.DirectMethodHandle$Holder.invokeStaticInit(java.lang.Object, java.lang.Object, java.lang.Object, java.lang.Object)'> (0x00000000c5fdcb18) 
thrown [s\src\hotspot\share\interpreter\linkResolver.cpp, line 773]
Event: 9.826 Thread 0x0000019465179510 Exception <a 'java/lang/NoSuchMethodError'{0x00000000c55727e0}: 'java.lang.Object java.lang.invoke.DirectMethodHandle$Holder.newInvokeSpecial(java.lang.Object, java.lang.Object, java.lang.Object, int, int)'> (0x00000000c55727e0) 
thrown [s\src\hotspot\share\interpreter\linkResolver.cpp, line 773]
Event: 9.827 Thread 0x0000019465179510 Exception <a 'java/lang/NoSuchMethodError'{0x00000000c5576c40}: 'java.lang.Object java.lang.invoke.DirectMethodHandle$Holder.invokeSpecial(java.lang.Object, java.lang.Object, java.lang.Object, java.lang.Object, int, int)'> (0x00000000c5576c40) 
thrown [s\src\hotspot\share\interpreter\linkResolver.cpp, line 773]
Event: 9.827 Thread 0x0000019465179510 Exception <a 'java/lang/NoSuchMethodError'{0x00000000c557a400}: 'java.lang.Object java.lang.invoke.Invokers$Holder.linkToTargetMethod(java.lang.Object, java.lang.Object, int, int, java.lang.Object)'> (0x00000000c557a400) 
thrown [s\src\hotspot\share\interpreter\linkResolver.cpp, line 773]
Event: 9.834 Thread 0x0000019465179510 Exception <a 'java/lang/IncompatibleClassChangeError'{0x00000000c55cbaf0}: Found class java.lang.Object, but interface was expected> (0x00000000c55cbaf0) 
thrown [s\src\hotspot\share\interpreter\linkResolver.cpp, line 840]
Event: 9.839 Thread 0x0000019465179510 Exception <a 'java/lang/NoSuchMethodError'{0x00000000c543ee30}: 'java.lang.Object java.lang.invoke.DirectMethodHandle$Holder.invokeVirtual(java.lang.Object, java.lang.Object, java.lang.Object, java.lang.Object, java.lang.Object, java.lang.Object, java.lang.Object)'> (0x00000000c543ee30) 
thrown [s\src\hotspot\share\interpreter\linkResolver.cpp, line 773]
Event: 9.850 Thread 0x0000019465179510 Exception <a 'java/lang/NoSuchMethodError'{0x00000000c5373d60}: 'java.lang.Object java.lang.invoke.DirectMethodHandle$Holder.invokeVirtual(java.lang.Object, java.lang.Object, java.lang.Object, java.lang.Object, java.lang.Object, java.lang.Object)'> (0x00000000c5373d60) 
thrown [s\src\hotspot\share\interpreter\linkResolver.cpp, line 773]
Event: 9.986 Thread 0x0000019465179510 Exception <a 'java/lang/NoSuchMethodError'{0x00000000c474a500}: 'java.lang.Object java.lang.invoke.DirectMethodHandle$Holder.invokeSpecial(java.lang.Object, java.lang.Object, int, java.lang.Object, int, java.lang.Object)'> (0x00000000c474a500) 
thrown [s\src\hotspot\share\interpreter\linkResolver.cpp, line 773]
Event: 9.987 Thread 0x0000019465179510 Exception <a 'java/lang/NoSuchMethodError'{0x00000000c47518e8}: 'java.lang.Object java.lang.invoke.DirectMethodHandle$Holder.newInvokeSpecial(java.lang.Object, java.lang.Object, int, java.lang.Object, int)'> (0x00000000c47518e8) 
thrown [s\src\hotspot\share\interpreter\linkResolver.cpp, line 773]
Event: 9.987 Thread 0x0000019465179510 Exception <a 'java/lang/NoSuchMethodError'{0x00000000c47557f8}: 'java.lang.Object java.lang.invoke.DirectMethodHandle$Holder.invokeSpecial(java.lang.Object, java.lang.Object, java.lang.Object, int, java.lang.Object, int)'> (0x00000000c47557f8) 
thrown [s\src\hotspot\share\interpreter\linkResolver.cpp, line 773]
Event: 14.207 Thread 0x0000019465113610 Exception <a 'java/lang/IncompatibleClassChangeError'{0x00000000c559d250}: Found class java.lang.Object, but interface was expected> (0x00000000c559d250) 
thrown [s\src\hotspot\share\interpreter\linkResolver.cpp, line 840]
Event: 14.239 Thread 0x0000019465113610 Exception <a 'java/lang/NoSuchMethodError'{0x00000000c5383250}: 'java.lang.Object java.lang.invoke.DirectMethodHandle$Holder.invokeStaticInit(java.lang.Object, java.lang.Object, java.lang.Object, java.lang.Object, java.lang.Object, java.lang.Object)'> (0x00000000c5383250) 
thrown [s\src\hotspot\share\interpreter\linkResolver.cpp, line 773]
Event: 34.498 Thread 0x0000019465110eb0 Exception <a 'java/lang/NullPointerException'{0x00000000c49d4508}> (0x00000000c49d4508) 
thrown [s\src\hotspot\share\interpreter\linkResolver.cpp, line 1456]

ZGC Phase Switch (0 events):
No events

VM Operations (20 events):
Event: 34.501 Executing VM operation: ChangeSingleStep
Event: 34.501 Executing VM operation: ChangeSingleStep done
Event: 34.511 Executing VM operation: GetObjectMonitorUsage
Event: 34.512 Executing VM operation: GetObjectMonitorUsage done
Event: 34.512 Executing VM operation: GetObjectMonitorUsage
Event: 34.512 Executing VM operation: GetObjectMonitorUsage done
Event: 34.515 Executing VM operation: get/set locals
Event: 34.515 Executing VM operation: get/set locals done
Event: 37.516 Executing VM operation: Cleanup
Event: 37.516 Executing VM operation: Cleanup done
Event: 47.888 Executing VM operation: ChangeSingleStep
Event: 47.888 Executing VM operation: ChangeSingleStep done
Event: 47.889 Executing VM operation: ChangeSingleStep
Event: 47.889 Executing VM operation: ChangeSingleStep done
Event: 47.906 Executing VM operation: RedefineClasses
Event: 47.946 Executing VM operation: RedefineClasses done
Event: 47.965 Executing VM operation: ChangeBreakpoints
Event: 47.967 Executing VM operation: ChangeBreakpoints done
Event: 47.973 Executing VM operation: ChangeSingleStep
Event: 47.973 Executing VM operation: ChangeSingleStep done

Memory protections (0 events):
No events

Nmethod flushes (20 events):
Event: 7.430 Thread 0x0000019414c4ebf0 flushing  nmethod 0x0000019418dd6a90
Event: 7.430 Thread 0x0000019414c4ebf0 flushing  nmethod 0x0000019418e04190
Event: 7.430 Thread 0x0000019414c4ebf0 flushing  nmethod 0x0000019418e5e010
Event: 7.430 Thread 0x0000019414c4ebf0 flushing  nmethod 0x0000019418e5e510
Event: 7.430 Thread 0x0000019414c4ebf0 flushing  nmethod 0x0000019418e9c110
Event: 7.430 Thread 0x0000019414c4ebf0 flushing  nmethod 0x0000019418ef3510
Event: 7.430 Thread 0x0000019414c4ebf0 flushing  nmethod 0x0000019418fd3490
Event: 9.671 Thread 0x0000019414c4ebf0 flushing  nmethod 0x0000019418ea7090
Event: 9.671 Thread 0x0000019414c4ebf0 flushing  nmethod 0x0000019418f83710
Event: 9.671 Thread 0x0000019414c4ebf0 flushing  nmethod 0x0000019418fb7c10
Event: 9.671 Thread 0x0000019414c4ebf0 flushing  nmethod 0x0000019418bfbe90
Event: 9.671 Thread 0x0000019414c4ebf0 flushing  nmethod 0x0000019418ed1390
Event: 9.671 Thread 0x0000019414c4ebf0 flushing  nmethod 0x0000019418ed3690
Event: 9.671 Thread 0x0000019414c4ebf0 flushing  nmethod 0x0000019419143610
Event: 9.671 Thread 0x0000019414c4ebf0 flushing  nmethod 0x00000194187b7010
Event: 9.671 Thread 0x0000019414c4ebf0 flushing  nmethod 0x0000019418aa5490
Event: 9.671 Thread 0x0000019414c4ebf0 flushing  nmethod 0x0000019418b34890
Event: 9.671 Thread 0x0000019414c4ebf0 flushing  nmethod 0x0000019418973c10
Event: 9.671 Thread 0x0000019414c4ebf0 flushing  nmethod 0x0000019418f30510
Event: 9.671 Thread 0x0000019414c4ebf0 flushing  nmethod 0x00000194191f6710

Events (20 events):
Event: 9.995 Thread 0x0000019465179510 Thread added: 0x0000019465112260
Event: 9.995 Thread 0x0000019465179510 Thread added: 0x000001946510e750
Event: 9.995 Thread 0x0000019465179510 Thread added: 0x000001946510ede0
Event: 9.995 Thread 0x0000019465179510 Thread added: 0x000001946510f470
Event: 9.995 Thread 0x0000019465179510 Thread added: 0x000001946510cd10
Event: 9.995 Thread 0x0000019465179510 Thread added: 0x000001946510fb00
Event: 9.996 Thread 0x0000019465179510 Thread added: 0x0000019465110190
Event: 10.042 Thread 0x0000019465179510 Thread added: 0x00000194651128f0
Event: 10.044 Thread 0x0000019465179510 Thread added: 0x00000194651787f0
Event: 10.087 Thread 0x0000019465179510 Thread exited: 0x0000019465179510
Event: 10.091 Thread 0x0000019465177440 Thread exited: 0x0000019465177440
Event: 10.096 Thread 0x0000019414b92ba0 Thread exited: 0x0000019414b92ba0
Event: 10.096 Thread 0x0000019465179510 Thread added: 0x0000019465179510
Event: 12.484 Thread 0x000001946510da30 Thread exited: 0x000001946510da30
Event: 13.888 Thread 0x000001941ec8c6a0 Thread exited: 0x000001941ec8c6a0
Event: 13.888 Thread 0x0000019464b3ed20 Thread exited: 0x0000019464b3ed20
Event: 14.216 Thread 0x0000019465113610 Thread added: 0x0000019465177440
Event: 14.218 Thread 0x0000019465177440 Thread exited: 0x0000019465177440
Event: 20.509 Thread 0x0000019465110eb0 Thread added: 0x0000019465177440
Event: 20.512 Thread 0x0000019465177440 Thread exited: 0x0000019465177440


Dynamic libraries:
0x00007ff66a6c0000 - 0x00007ff66a6ce000 	C:\sts-4.27.0.RELEASE\plugins\org.eclipse.justj.openjdk.hotspot.jre.full.win32.x86_64_21.0.5.v20241023-1957\jre\bin\javaw.exe
0x00007ff82ac30000 - 0x00007ff82ae28000 	C:\Windows\SYSTEM32\ntdll.dll
0x00007ff828f10000 - 0x00007ff828fd2000 	C:\Windows\System32\KERNEL32.DLL
0x00007ff8282d0000 - 0x00007ff8285ce000 	C:\Windows\System32\KERNELBASE.dll
0x00007ff828b50000 - 0x00007ff828c50000 	C:\Windows\System32\ucrtbase.dll
0x00007ff805f70000 - 0x00007ff805f88000 	C:\sts-4.27.0.RELEASE\plugins\org.eclipse.justj.openjdk.hotspot.jre.full.win32.x86_64_21.0.5.v20241023-1957\jre\bin\jli.dll
0x00007ff829c60000 - 0x00007ff829dfd000 	C:\Windows\System32\USER32.dll
0x00007ff828920000 - 0x00007ff828942000 	C:\Windows\System32\win32u.dll
0x00007ff828ee0000 - 0x00007ff828f0b000 	C:\Windows\System32\GDI32.dll
0x00007ff8131d0000 - 0x00007ff81346a000 	C:\Windows\WinSxS\amd64_microsoft.windows.common-controls_6595b64144ccf1df_6.0.19041.4355_none_60b8b9eb71f62e16\COMCTL32.dll
0x00007ff828c70000 - 0x00007ff828d0e000 	C:\Windows\System32\msvcrt.dll
0x00007ff828760000 - 0x00007ff828877000 	C:\Windows\System32\gdi32full.dll
0x00007ff828880000 - 0x00007ff82891d000 	C:\Windows\System32\msvcp_win.dll
0x00007ff806ba0000 - 0x00007ff806bbe000 	C:\sts-4.27.0.RELEASE\plugins\org.eclipse.justj.openjdk.hotspot.jre.full.win32.x86_64_21.0.5.v20241023-1957\jre\bin\VCRUNTIME140.dll
0x00007ff829c30000 - 0x00007ff829c5f000 	C:\Windows\System32\IMM32.DLL
0x00007ff809dc0000 - 0x00007ff809dcc000 	C:\sts-4.27.0.RELEASE\plugins\org.eclipse.justj.openjdk.hotspot.jre.full.win32.x86_64_21.0.5.v20241023-1957\jre\bin\vcruntime140_1.dll
0x00007fffef1d0000 - 0x00007fffef25d000 	C:\sts-4.27.0.RELEASE\plugins\org.eclipse.justj.openjdk.hotspot.jre.full.win32.x86_64_21.0.5.v20241023-1957\jre\bin\msvcp140.dll
0x00007fffe44b0000 - 0x00007fffe523f000 	C:\sts-4.27.0.RELEASE\plugins\org.eclipse.justj.openjdk.hotspot.jre.full.win32.x86_64_21.0.5.v20241023-1957\jre\bin\server\jvm.dll
0x00007ff82a030000 - 0x00007ff82a0e1000 	C:\Windows\System32\ADVAPI32.dll
0x00007ff828d10000 - 0x00007ff828daf000 	C:\Windows\System32\sechost.dll
0x00007ff829990000 - 0x00007ff829ab3000 	C:\Windows\System32\RPCRT4.dll
0x00007ff828730000 - 0x00007ff828757000 	C:\Windows\System32\bcrypt.dll
0x00007ff829f30000 - 0x00007ff829f9b000 	C:\Windows\System32\WS2_32.dll
0x00007ff828130000 - 0x00007ff82817b000 	C:\Windows\SYSTEM32\POWRPROF.dll
0x00007ff822560000 - 0x00007ff822587000 	C:\Windows\SYSTEM32\WINMM.dll
0x00007ff81f630000 - 0x00007ff81f63a000 	C:\Windows\SYSTEM32\VERSION.dll
0x00007ff828110000 - 0x00007ff828122000 	C:\Windows\SYSTEM32\UMPDC.dll
0x00007ff826150000 - 0x00007ff826162000 	C:\Windows\SYSTEM32\kernel.appcore.dll
0x00007ff818280000 - 0x00007ff81828a000 	C:\sts-4.27.0.RELEASE\plugins\org.eclipse.justj.openjdk.hotspot.jre.full.win32.x86_64_21.0.5.v20241023-1957\jre\bin\jimage.dll
0x00007ff81fd10000 - 0x00007ff81fef4000 	C:\Windows\SYSTEM32\DBGHELP.DLL
0x00007ff81fb60000 - 0x00007ff81fb94000 	C:\Windows\SYSTEM32\dbgcore.DLL
0x00007ff8289a0000 - 0x00007ff828a22000 	C:\Windows\System32\bcryptPrimitives.dll
0x00007ff822bb0000 - 0x00007ff822bec000 	C:\sts-4.27.0.RELEASE\plugins\org.eclipse.justj.openjdk.hotspot.jre.full.win32.x86_64_21.0.5.v20241023-1957\jre\bin\jdwp.dll
0x00007ff8169a0000 - 0x00007ff8169af000 	C:\sts-4.27.0.RELEASE\plugins\org.eclipse.justj.openjdk.hotspot.jre.full.win32.x86_64_21.0.5.v20241023-1957\jre\bin\instrument.dll
0x00007ff806bc0000 - 0x00007ff806bdf000 	C:\sts-4.27.0.RELEASE\plugins\org.eclipse.justj.openjdk.hotspot.jre.full.win32.x86_64_21.0.5.v20241023-1957\jre\bin\java.dll
0x00007ff828fe0000 - 0x00007ff82974d000 	C:\Windows\System32\SHELL32.dll
0x00007ff826350000 - 0x00007ff826af4000 	C:\Windows\SYSTEM32\windows.storage.dll
0x00007ff82a560000 - 0x00007ff82a8b3000 	C:\Windows\System32\combase.dll
0x00007ff827c30000 - 0x00007ff827c5e000 	C:\Windows\SYSTEM32\Wldp.dll
0x00007ff82a8d0000 - 0x00007ff82a99d000 	C:\Windows\System32\OLEAUT32.dll
0x00007ff829b80000 - 0x00007ff829c2d000 	C:\Windows\System32\SHCORE.dll
0x00007ff829ac0000 - 0x00007ff829b15000 	C:\Windows\System32\shlwapi.dll
0x00007ff828200000 - 0x00007ff828224000 	C:\Windows\SYSTEM32\profapi.dll
0x00007ff805a10000 - 0x00007ff805a28000 	C:\sts-4.27.0.RELEASE\plugins\org.eclipse.justj.openjdk.hotspot.jre.full.win32.x86_64_21.0.5.v20241023-1957\jre\bin\zip.dll
0x00007ff825700000 - 0x00007ff82570b000 	C:\sts-4.27.0.RELEASE\plugins\org.eclipse.justj.openjdk.hotspot.jre.full.win32.x86_64_21.0.5.v20241023-1957\jre\bin\dt_socket.dll
0x00007ff827670000 - 0x00007ff8276ab000 	C:\Windows\SYSTEM32\IPHLPAPI.DLL
0x00007ff827990000 - 0x00007ff8279fa000 	C:\Windows\system32\mswsock.dll
0x00007ff8276b0000 - 0x00007ff82777a000 	C:\Windows\SYSTEM32\DNSAPI.dll
0x00007ff82a8c0000 - 0x00007ff82a8c8000 	C:\Windows\System32\NSI.dll
0x00007ff81e050000 - 0x00007ff81e05a000 	C:\Windows\System32\rasadhlp.dll
0x00007ff81e0e0000 - 0x00007ff81e160000 	C:\Windows\System32\fwpuclnt.dll
0x00007ff813b40000 - 0x00007ff813b50000 	C:\sts-4.27.0.RELEASE\plugins\org.eclipse.justj.openjdk.hotspot.jre.full.win32.x86_64_21.0.5.v20241023-1957\jre\bin\net.dll
0x00007ff81f830000 - 0x00007ff81f93d000 	C:\Windows\SYSTEM32\WINHTTP.dll
0x00007ffffa980000 - 0x00007ffffa996000 	C:\sts-4.27.0.RELEASE\plugins\org.eclipse.justj.openjdk.hotspot.jre.full.win32.x86_64_21.0.5.v20241023-1957\jre\bin\nio.dll
0x00007ff81bad0000 - 0x00007ff81bada000 	C:\sts-4.27.0.RELEASE\plugins\org.eclipse.justj.openjdk.hotspot.jre.full.win32.x86_64_21.0.5.v20241023-1957\jre\bin\management.dll
0x00007ff809530000 - 0x00007ff80953b000 	C:\sts-4.27.0.RELEASE\plugins\org.eclipse.justj.openjdk.hotspot.jre.full.win32.x86_64_21.0.5.v20241023-1957\jre\bin\management_ext.dll
0x00007ff829750000 - 0x00007ff829758000 	C:\Windows\System32\PSAPI.DLL
0x00007ff8074b0000 - 0x00007ff8074c7000 	C:\Windows\system32\napinsp.dll
0x00007ff8074d0000 - 0x00007ff8074eb000 	C:\Windows\system32\pnrpnsp.dll
0x00007ff823470000 - 0x00007ff823485000 	C:\Windows\system32\wshbth.dll
0x00007ff821370000 - 0x00007ff82138d000 	C:\Windows\system32\NLAapi.dll
0x00007ff8075e0000 - 0x00007ff8075f2000 	C:\Windows\System32\winrnr.dll
0x00007ff827b80000 - 0x00007ff827b98000 	C:\Windows\SYSTEM32\CRYPTSP.dll
0x00007ff8272b0000 - 0x00007ff8272e4000 	C:\Windows\system32\rsaenh.dll
0x00007ff8281c0000 - 0x00007ff8281ee000 	C:\Windows\SYSTEM32\USERENV.dll
0x00007ff827ba0000 - 0x00007ff827bac000 	C:\Windows\SYSTEM32\CRYPTBASE.dll
0x00007ff8082c0000 - 0x00007ff8082c9000 	C:\sts-4.27.0.RELEASE\plugins\org.eclipse.justj.openjdk.hotspot.jre.full.win32.x86_64_21.0.5.v20241023-1957\jre\bin\extnet.dll
0x00007ff80fc20000 - 0x00007ff80fc30000 	C:\sts-4.27.0.RELEASE\plugins\org.eclipse.justj.openjdk.hotspot.jre.full.win32.x86_64_21.0.5.v20241023-1957\jre\bin\verify.dll
0x00007ff80c590000 - 0x00007ff80c59e000 	C:\sts-4.27.0.RELEASE\plugins\org.eclipse.justj.openjdk.hotspot.jre.full.win32.x86_64_21.0.5.v20241023-1957\jre\bin\sunmscapi.dll
0x00007ff8285d0000 - 0x00007ff82872c000 	C:\Windows\System32\CRYPT32.dll
0x00007ff827ca0000 - 0x00007ff827cc7000 	C:\Windows\SYSTEM32\ncrypt.dll
0x00007ff827c60000 - 0x00007ff827c9b000 	C:\Windows\SYSTEM32\NTASN1.dll
0x00007ff80fae0000 - 0x00007ff80fae7000 	C:\Windows\system32\wshunix.dll

dbghelp: loaded successfully - version: 4.0.5 - missing functions: none
symbol engine: initialized successfully - sym options: 0x614 - pdb path: .;C:\sts-4.27.0.RELEASE\plugins\org.eclipse.justj.openjdk.hotspot.jre.full.win32.x86_64_21.0.5.v20241023-1957\jre\bin;C:\Windows\SYSTEM32;C:\Windows\WinSxS\amd64_microsoft.windows.common-controls_6595b64144ccf1df_6.0.19041.4355_none_60b8b9eb71f62e16;C:\sts-4.27.0.RELEASE\plugins\org.eclipse.justj.openjdk.hotspot.jre.full.win32.x86_64_21.0.5.v20241023-1957\jre\bin\server

VM Arguments:
jvm_args: -XX:+ShowCodeDetailsInExceptionMessages -agentlib:jdwp=transport=dt_socket,suspend=y,address=localhost:54867 -Dcom.sun.management.jmxremote -Dcom.sun.management.jmxremote.port=54866 -Dcom.sun.management.jmxremote.authenticate=false -Dcom.sun.management.jmxremote.ssl=false -Djava.rmi.server.hostname=localhost -Dspring.jmx.enabled=true -Dmanagement.endpoints.jmx.exposure.include=* -Dspring.application.admin.enabled=true -XX:TieredStopAtLevel=1 -Dspring.boot.project.name=Manage-Mosaic -javaagent:C:\sts-4.27.0.RELEASE\configuration\org.eclipse.osgi\275\0\.cp\lib\javaagent-shaded.jar -Dfile.encoding=UTF-8 -Dstdout.encoding=UTF-8 -Dstderr.encoding=UTF-8 
java_command: com.project.manage.ManageMosaicApplication --spring.output.ansi.enabled=always
java_class_path (initial): D:\Project Of Racky\Manage-Mosaic-java\target\classes;C:\Users\LENOVO\.m2\repository\org\springframework\boot\spring-boot-starter-data-jdbc\2.7.3\spring-boot-starter-data-jdbc-2.7.3.jar;C:\Users\LENOVO\.m2\repository\org\springframework\boot\spring-boot-starter-jdbc\2.7.3\spring-boot-starter-jdbc-2.7.3.jar;C:\Users\LENOVO\.m2\repository\com\zaxxer\HikariCP\4.0.3\HikariCP-4.0.3.jar;C:\Users\LENOVO\.m2\repository\org\springframework\spring-jdbc\5.3.22\spring-jdbc-5.3.22.jar;C:\Users\LENOVO\.m2\repository\org\springframework\data\spring-data-jdbc\2.4.2\spring-data-jdbc-2.4.2.jar;C:\Users\LENOVO\.m2\repository\org\springframework\data\spring-data-relational\2.4.2\spring-data-relational-2.4.2.jar;C:\Users\LENOVO\.m2\repository\org\springframework\data\spring-data-commons\2.7.2\spring-data-commons-2.7.2.jar;C:\Users\LENOVO\.m2\repository\org\springframework\spring-tx\5.3.22\spring-tx-5.3.22.jar;C:\Users\LENOVO\.m2\repository\org\springframework\spring-context\5.3.22\spring-context-5.3.22.jar;C:\Users\LENOVO\.m2\repository\org\springframework\spring-beans\5.3.22\spring-beans-5.3.22.jar;C:\Users\LENOVO\.m2\repository\org\slf4j\slf4j-api\1.7.36\slf4j-api-1.7.36.jar;C:\Users\LENOVO\.m2\repository\org\springframework\boot\spring-boot-starter-validation\2.7.3\spring-boot-starter-validation-2.7.3.jar;C:\Users\LENOVO\.m2\repository\org\springframework\boot\spring-boot-starter\2.7.3\spring-boot-starter-2.7.3.jar;C:\Users\LENOVO\.m2\repository\org\springframework\boot\spring-boot-starter-logging\2.7.3\spring-boot-starter-logging-2.7.3.jar;C:\Users\LENOVO\.m2\repository\ch\qos\logback\logback-classic\1.2.11\logback-classic-1.2.11.jar;C:\Users\LENOVO\.m2\repository\ch\qos\logback\logback-core\1.2.11\logback-core-1.2.11.jar;C:\Users\LENOVO\.m2\repository\org\apache\logging\log4j\log4j-to-slf4j\2.17.2\log4j-to-slf4j-2.17.2.jar;C:\Users\LENOVO\.m2\repository\org\apache\logging\log4j\log4j-api\2.17.2\log4j-api-2.17.2.jar;C:\Users\LENOVO\.m2\repository\org\slf4j\jul-to-slf4j\1.7.36\jul-to-slf4j-1.7.36.jar;C:\Users\LENOVO\.m2\repository\jakarta\annotation\jakarta.annotation-api\1.3.5\jakarta.annotation-api-1.3.5.jar;C:\Users\LENOVO\.m2\repository\org\yaml\snakeyaml\1.30\snakeyaml-1.30.jar;C:\Users\LENOVO\.m2\repository\org\apache\tomcat\embed\tomcat-embed-el\9.0.65\tomcat-embed-el-9.0.65.jar;C:\Users\LENOVO\.m2\repository\org\hibernate\validator\hibernate-validator\6.2.4.Final\hibernate-validator-6.2.4.Final.jar;C:\Users\LENOVO\.m2\repository\jakarta\validation\jakarta.validation-api\2.0.2\jakarta.validation-api-2.0.2.jar;C:\Users\LENOVO\.m2\repository\org\jboss\logging\jboss-logging\3.4.3.Final\jboss-logging-3.4.3.Final.jar;C:\Users\LENOVO\.m2\repository\com\fasterxml\classmate\1.5.1\classmate-1.5.1.jar;C:\Users\LENOVO\.m2\repository\org\springframework\boot\spring-boot-starter-data-jpa\2.7.3\spring-boot-starter-data-jpa-2.7.3.jar;C:\Users\LENOVO\.m2\repository\org\springframework\boot\spring-boot-starter-aop\2.7.3\spring-boot-starter-aop-2.7.3.jar;C:\Users\LENOVO\.m2\repository\org\aspectj\aspectjweaver\1.9.7\aspectjweaver-1.9.7.jar;C:\Users\LENOVO\.m2\repository\jakarta\transaction\jakarta.transaction-api\1.3.3\jakarta.transaction-api-1.3.3.jar;C:\Users\LENOVO\.m2\repository\jakarta\persistence\jakarta.persistence-api\2.2.3\jakarta.persistence-api-2.2.3.jar;C:\Users\LENOVO\.m2\repository\org\hibernate\hibernate-core\5.6.9.Final\hibernate-core-5.6.9.Final.jar;C:\Users\LENOVO\.m2\repository\net\bytebuddy\byte-buddy\1.12.13\byte-buddy-1.12.13.jar;C:\Users\LENOVO\.m2\repository\antlr\antlr\2.7.7\antlr-2.7.7.jar;C:\Users\LENOVO\.m2\repository\org\jboss\jandex\2.4.2.Final\jandex-2.4.2.Final.jar;C:\Users\LENOVO\.m2\repository\org\hibernate\common\hibernate-commons-annotations\5.1.2.Final\hibernate-commons-annotations-5.1.2.Final.jar;C:\Users\LENOVO\.m2\repository\org\glassfish\jaxb\jaxb-runtime\2.3.6\jaxb-runtime-2.3.6.jar;C:\Users\LENOVO\.m2\repository\org\glassfish\jaxb\txw2\2.3.6\txw2-2.3.6.jar;C:\Users\LENOVO\.m2\repository\com\sun\istack\istack-commons-runtime\3.0.12\istack-commons-runtime-3.0.12.jar;C:\Users\LENOVO\.m2\repository\org\springframework\data\spring-data-jpa\2.7.2\spring-data-jpa-2.7.2.jar;C:\Users\LENOVO\.m2\repository\org\springframework\spring-orm\5.3.22\spring-orm-5.3.22.jar;C:\Users\LENOVO\.m2\repository\org\springframework\spring-aspects\5.3.22\spring-aspects-5.3.22.jar;C:\Users\LENOVO\.m2\repository\org\springframework\boot\spring-boot-starter-mail\2.7.3\spring-boot-starter-mail-2.7.3.jar;C:\Users\LENOVO\.m2\repository\org\springframework\spring-context-support\5.3.22\spring-context-support-5.3.22.jar;C:\Users\LENOVO\.m2\repository\com\sun\mail\jakarta.mail\1.6.7\jakarta.mail-1.6.7.jar;C:\Users\LENOVO\.m2\repository\com\sun\activation\jakarta.activation\1.2.2\jakarta.activation-1.2.2.jar;C:\Users\LENOVO\.m2\repository\org\springframework\boot\spring-boot-starter-web\2.7.3\spring-boot-starter-web-2.7.3.jar;C:\Users\LENOVO\.m2\repository\org\springframework\boot\spring-boot-starter-json\2.7.3\spring-boot-starter-json-2.7.3.jar;C:\Users\LENOVO\.m2\repository\com\fasterxml\jackson\datatype\jackson-datatype-jdk8\2.13.3\jackson-datatype-jdk8-2.13.3.jar;C:\Users\LENOVO\.m2\repository\com\fasterxml\jackson\datatype\jackson-datatype-jsr310\2.13.3\jackson-datatype-jsr310-2.13.3.jar;C:\Users\LENOVO\.m2\repository\com\fasterxml\jackson\module\jackson-module-parameter-names\2.13.3\jackson-module-parameter-names-2.13.3.jar;C:\Users\LENOVO\.m2\repository\org\springframework\boot\spring-boot-starter-tomcat\2.7.3\spring-boot-starter-tomcat-2.7.3.jar;C:\Users\LENOVO\.m2\repository\org\apache\tomcat\embed\tomcat-embed-websocket\9.0.65\tomcat-embed-websocket-9.0.65.jar;C:\Users\LENOVO\.m2\repository\org\springframework\spring-web\5.3.22\spring-web-5.3.22.jar;C:\Users\LENOVO\.m2\repository\org\springframework\spring-webmvc\5.3.22\spring-webmvc-5.3.22.jar;C:\Users\LENOVO\.m2\repository\org\springframework\spring-expression\5.3.22\spring-expression-5.3.22.jar;C:\Users\LENOVO\.m2\repository\org\json\json\20080701\json-20080701.jar;C:\Users\LENOVO\.m2\repository\org\springframework\boot\spring-boot-starter-oauth2-client\2.7.3\spring-boot-starter-oauth2-client-2.7.3.jar;C:\Users\LENOVO\.m2\repository\org\springframework\security\spring-security-config\5.7.3\spring-security-config-5.7.3.jar;C:\Users\LENOVO\.m2\repository\org\springframework\security\spring-security-core\5.7.3\spring-security-core-5.7.3.jar;C:\Users\LENOVO\.m2\repository\org\springframework\security\spring-security-crypto\5.7.3\spring-security-crypto-5.7.3.jar;C:\Users\LENOVO\.m2\repository\org\springframework\security\spring-security-oauth2-client\5.7.3\spring-security-oauth2-client-5.7.3.jar;C:\Users\LENOVO\.m2\repository\org\springframework\security\spring-security-oauth2-core\5.7.3\spring-security-oauth2-core-5.7.3.jar;C:\Users\LENOVO\.m2\repository\com\nimbusds\oauth2-oidc-sdk\9.35\oauth2-oidc-sdk-9.35.jar;C:\Users\LENOVO\.m2\repository\com\github\stephenc\jcip\jcip-annotations\1.0-1\jcip-annotations-1.0-1.jar;C:\Users\LENOVO\.m2\repository\com\nimbusds\content-type\2.2\content-type-2.2.jar;C:\Users\LENOVO\.m2\repository\com\nimbusds\lang-tag\1.6\lang-tag-1.6.jar;C:\Users\LENOVO\.m2\repository\org\springframework\security\spring-security-oauth2-jose\5.7.3\spring-security-oauth2-jose-5.7.3.jar;C:\Users\LENOVO\.m2\repository\com\nimbusds\nimbus-jose-jwt\9.22\nimbus-jose-jwt-9.22.jar;C:\Users\LENOVO\.m2\repository\com\google\api-client\google-api-client\1.34.1\google-api-client-1.34.1.jar;C:\Users\LENOVO\.m2\repository\com\google\http-client\google-http-client-gson\1.41.8\google-http-client-gson-1.41.8.jar;C:\Users\LENOVO\.m2\repository\com\google\code\gson\gson\2.9.1\gson-2.9.1.jar;C:\Users\LENOVO\.m2\repository\com\google\guava\guava\31.1-jre\guava-31.1-jre.jar;C:\Users\LENOVO\.m2\repository\com\google\guava\failureaccess\1.0.1\failureaccess-1.0.1.jar;C:\Users\LENOVO\.m2\repository\com\google\guava\listenablefuture\9999.0-empty-to-avoid-conflict-with-guava\listenablefuture-9999.0-empty-to-avoid-conflict-with-guava.jar;C:\Users\LENOVO\.m2\repository\org\checkerframework\checker-qual\3.12.0\checker-qual-3.12.0.jar;C:\Users\LENOVO\.m2\repository\com\google\errorprone\error_prone_annotations\2.11.0\error_prone_annotations-2.11.0.jar;C:\Users\LENOVO\.m2\repository\com\google\http-client\google-http-client-apache-v2\1.41.8\google-http-client-apache-v2-1.41.8.jar;C:\Users\LENOVO\.m2\repository\org\apache\httpcomponents\httpcore\4.4.15\httpcore-4.4.15.jar;C:\Users\LENOVO\.m2\repository\org\apache\httpcomponents\httpclient\4.5.13\httpclient-4.5.13.jar;C:\Users\LENOVO\.m2\repository\commons-codec\commons-codec\1.15\commons-codec-1.15.jar;C:\Users\LENOVO\.m2\repository\com\google\oauth-client\google-oauth-client\1.34.1\google-oauth-client-1.34.1.jar;C:\Users\LENOVO\.m2\repository\com\google\http-client\google-http-client\1.40.1\google-http-client-1.40.1.jar;C:\Users\LENOVO\.m2\repository\com\google\code\findbugs\jsr305\3.0.2\jsr305-3.0.2.jar;C:\Users\LENOVO\.m2\repository\com\google\j2objc\j2objc-annotations\1.3\j2objc-annotations-1.3.jar;C:\Users\LENOVO\.m2\repository\io\opencensus\opencensus-api\0.28.0\opencensus-api-0.28.0.jar;C:\Users\LENOVO\.m2\repository\io\grpc\grpc-context\1.27.2\grpc-context-1.27.2.jar;C:\Users\LENOVO\.m2\repository\io\opencensus\opencensus-contrib-http-util\0.28.0\opencensus-contrib-http-util-0.28.0.jar;C:\Users\LENOVO\.m2\repository\com\google\http-client\google-http-client-jackson2\1.40.1\google-http-client-jackson2-1.40.1.jar;C:\Users\LENOVO\.m2\repository\com\fasterxml\jackson\core\jackson-core\2.13.3\jackson-core-2.13.3.jar;C:\Users\LENOVO\.m2\repository\org\springframework\boot\spring-boot-starter-security\2.7.3\spring-boot-starter-security-2.7.3.jar;C:\Users\LENOVO\.m2\repository\org\springframework\spring-aop\5.3.22\spring-aop-5.3.22.jar;C:\Users\LENOVO\.m2\repository\org\springframework\security\spring-security-web\5.7.3\spring-security-web-5.7.3.jar;C:\Users\LENOVO\.m2\repository\io\jsonwebtoken\jjwt\0.9.1\jjwt-0.9.1.jar;C:\Users\LENOVO\.m2\repository\com\fasterxml\jackson\core\jackson-databind\2.13.3\jackson-databind-2.13.3.jar;C:\Users\LENOVO\.m2\repository\com\fasterxml\jackson\core\jackson-annotations\2.13.3\jackson-annotations-2.13.3.jar;C:\Users\LENOVO\.m2\repository\org\springframework\spring-core\5.3.22\spring-core-5.3.22.jar;C:\Users\LENOVO\.m2\repository\org\springframework\spring-jcl\5.3.22\spring-jcl-5.3.22.jar;C:\Users\LENOVO\.m2\repository\com\oracle\database\jdbc\ojdbc11\21.5.0.0\ojdbc11-21.5.0.0.jar;C:\Users\LENOVO\.m2\repository\org\apache\tomcat\embed\tomcat-embed-jasper\9.0.65\tomcat-embed-jasper-9.0.65.jar;C:\Users\LENOVO\.m2\repository\org\apache\tomcat\embed\tomcat-embed-core\9.0.65\tomcat-embed-core-9.0.65.jar;C:\Users\LENOVO\.m2\repository\org\apache\tomcat\tomcat-annotations-api\9.0.65\tomcat-annotations-api-9.0.65.jar;C:\Users\LENOVO\.m2\repository\org\eclipse\jdt\ecj\3.18.0\ecj-3.18.0.jar;C:\Users\LENOVO\.m2\repository\javax\servlet\jstl\1.2\jstl-1.2.jar;C:\Users\LENOVO\.m2\repository\org\springframework\boot\spring-boot-devtools\2.7.3\spring-boot-devtools-2.7.3.jar;C:\Users\LENOVO\.m2\repository\org\springframework\boot\spring-boot\2.7.3\spring-boot-2.7.3.jar;C:\Users\LENOVO\.m2\repository\org\springframework\boot\spring-boot-autoconfigure\2.7.3\spring-boot-autoconfigure-2.7.3.jar;C:\Users\LENOVO\.m2\repository\org\projectlombok\lombok\1.18.24\lombok-1.18.24.jar;C:\Users\LENOVO\.m2\repository\net\minidev\json-smart\2.4.8\json-smart-2.4.8.jar;C:\Users\LENOVO\.m2\repository\net\minidev\accessors-smart\2.4.8\accessors-smart-2.4.8.jar;C:\Users\LENOVO\.m2\repository\org\ow2\asm\asm\9.1\asm-9.1.jar;C:\Users\LENOVO\.m2\repository\jakarta\xml\bind\jakarta.xml.bind-api\2.3.3\jakarta.xml.bind-api-2.3.3.jar;C:\Users\LENOVO\.m2\repository\jakarta\activation\jakarta.activation-api\1.2.2\jakarta.activation-api-1.2.2.jar
Launcher Type: SUN_STANDARD

[Global flags]
     intx CICompilerCount                          = 3                                         {product} {ergonomic}
     uint ConcGCThreads                            = 1                                         {product} {ergonomic}
     uint G1ConcRefinementThreads                  = 4                                         {product} {ergonomic}
   size_t G1HeapRegionSize                         = 1048576                                   {product} {ergonomic}
    uintx GCDrainStackTargetSize                   = 64                                        {product} {ergonomic}
   size_t InitialHeapSize                          = 67108864                                  {product} {ergonomic}
     bool ManagementServer                         = true                                      {product} {command line}
   size_t MarkStackSize                            = 4194304                                   {product} {ergonomic}
   size_t MaxHeapSize                              = 1048576000                                {product} {ergonomic}
   size_t MaxNewSize                               = 629145600                                 {product} {ergonomic}
   size_t MinHeapDeltaBytes                        = 1048576                                   {product} {ergonomic}
   size_t MinHeapSize                              = 8388608                                   {product} {ergonomic}
    uintx NonNMethodCodeHeapSize                   = 4096                                   {pd product} {ergonomic}
    uintx NonProfiledCodeHeapSize                  = 0                                      {pd product} {ergonomic}
     bool ProfileInterpreter                       = false                                  {pd product} {command line}
    uintx ProfiledCodeHeapSize                     = 0                                      {pd product} {ergonomic}
     bool ShowCodeDetailsInExceptionMessages       = true                                   {manageable} {command line}
   size_t SoftMaxHeapSize                          = 1048576000                             {manageable} {ergonomic}
     intx TieredStopAtLevel                        = 1                                         {product} {command line}
     bool UseCompressedOops                        = true                           {product lp64_product} {ergonomic}
     bool UseG1GC                                  = true                                      {product} {ergonomic}
     bool UseLargePagesIndividualAllocation        = false                                  {pd product} {ergonomic}

Logging:
Log output configuration:
 #0: stdout all=warning uptime,level,tags foldmultilines=false
 #1: stderr all=off uptime,level,tags foldmultilines=false

Environment Variables:
JAVA_HOME=C:\Program Files\Java\jdk-21
PATH=C:\sts-4.27.0.RELEASE\plugins\org.eclipse.justj.openjdk.hotspot.jre.full.win32.x86_64_21.0.5.v20241023-1957\jre\bin;C:/sts-4.27.0.RELEASE//plugins/org.eclipse.justj.openjdk.hotspot.jre.full.win32.x86_64_21.0.5.v20241023-1957/jre/bin/server;C:/sts-4.27.0.RELEASE//plugins/org.eclipse.justj.openjdk.hotspot.jre.full.win32.x86_64_21.0.5.v20241023-1957/jre/bin;C:\Oracle23c\dbhomeFree\bin;C:\Program Files\Common Files\Oracle\Java\javapath;C:\Windows\system32;C:\Windows;C:\Windows\System32\Wbem;C:\Windows\System32\WindowsPowerShell\v1.0\;C:\Windows\System32\OpenSSH\;C:\Program Files\TortoiseGit\bin;C:\Program Files\Git\cmd;C:\Program Files\nodejs\;C:\Program Files\Java\jdk-21\bin;C:\Oracle23c\dbhomeFree\bin;C:\Users\LENOVO\AppData\Local\Microsoft\WindowsApps;C:\Users\LENOVO\AppData\Local\Programs\Microsoft VS Code\bin;C:\Users\LENOVO\AppData\Roaming\npm;C:\sts-4.27.0.RELEASE;
USERNAME=LENOVO
OS=Windows_NT
PROCESSOR_IDENTIFIER=Intel64 Family 6 Model 142 Stepping 10, GenuineIntel
TMP=C:\Users\LENOVO\AppData\Local\Temp
TEMP=C:\Users\LENOVO\AppData\Local\Temp




Periodic native trim disabled

---------------  S Y S T E M  ---------------

OS:
 Windows 10 , 64 bit Build 19041 (10.0.19041.5198)
OS uptime: 8 days 1:45 hours

CPU: total 4 (initial active 4) (2 cores per cpu, 2 threads per core) family 6 model 142 stepping 10 microcode 0xc6, cx8, cmov, fxsr, ht, mmx, 3dnowpref, sse, sse2, sse3, ssse3, sse4.1, sse4.2, popcnt, lzcnt, tsc, tscinvbit, avx, avx2, aes, erms, clmul, bmi1, bmi2, adx, fma, vzeroupper, clflush, clflushopt, rdtscp, f16c
Processor Information for all 4 processors :
  Max Mhz: 2201, Current Mhz: 2201, Mhz Limit: 2201

Memory: 4k page, system-wide physical 3992M (281M free)
TotalPageFile size 16277M (AvailPageFile size 2667M)
current process WorkingSet (physical memory assigned to process): 140M, peak: 254M
current process commit charge ("private bytes"): 283M, peak: 283M

vm_info: OpenJDK 64-Bit Server VM (21.0.5+11-LTS) for windows-amd64 JRE (21.0.5+11-LTS), built on 2024-10-15T00:00:00Z by "admin" with MS VC++ 17.7 (VS2022)

END.
